Archive member included to satisfy reference by file (symbol)

/usr/lib/gcc/arm-none-eabi/14.1.0/thumb/v6-m/nofp/libgcc.a(_dvmd_tls.o)
                              CMakeFiles/freertos.dir/home/hakan/Desktop/pi/pico-sdk/src/rp2_common/pico_divider/divider.S.obj (__aeabi_idiv0)
/usr/lib/gcc/arm-none-eabi/14.1.0/../../../../arm-none-eabi/lib/thumb/v6-m/nofp/libc.a(libc_a-atexit.o)
                              /usr/lib/gcc/arm-none-eabi/14.1.0/../../../../arm-none-eabi/lib/thumb/v6-m/nofp/crt0.o (atexit)
/usr/lib/gcc/arm-none-eabi/14.1.0/../../../../arm-none-eabi/lib/thumb/v6-m/nofp/libc.a(libc_a-calloc.o)
                              CMakeFiles/freertos.dir/home/hakan/Desktop/pi/pico-sdk/src/rp2_common/pico_malloc/pico_malloc.c.obj (calloc)
/usr/lib/gcc/arm-none-eabi/14.1.0/../../../../arm-none-eabi/lib/thumb/v6-m/nofp/libc.a(libc_a-callocr.o)
                              /usr/lib/gcc/arm-none-eabi/14.1.0/../../../../arm-none-eabi/lib/thumb/v6-m/nofp/libc.a(libc_a-calloc.o) (_calloc_r)
/usr/lib/gcc/arm-none-eabi/14.1.0/../../../../arm-none-eabi/lib/thumb/v6-m/nofp/libc.a(libc_a-malloc.o)
                              CMakeFiles/freertos.dir/home/hakan/Desktop/pi/pico-sdk/src/rp2_common/pico_malloc/pico_malloc.c.obj (malloc)
/usr/lib/gcc/arm-none-eabi/14.1.0/../../../../arm-none-eabi/lib/thumb/v6-m/nofp/libc.a(libc_a-mallocr.o)
                              /usr/lib/gcc/arm-none-eabi/14.1.0/../../../../arm-none-eabi/lib/thumb/v6-m/nofp/libc.a(libc_a-callocr.o) (_malloc_r)
/usr/lib/gcc/arm-none-eabi/14.1.0/../../../../arm-none-eabi/lib/thumb/v6-m/nofp/libc.a(libc_a-mlock.o)
                              /usr/lib/gcc/arm-none-eabi/14.1.0/../../../../arm-none-eabi/lib/thumb/v6-m/nofp/libc.a(libc_a-mallocr.o) (__malloc_lock)
/usr/lib/gcc/arm-none-eabi/14.1.0/../../../../arm-none-eabi/lib/thumb/v6-m/nofp/libc.a(libc_a-realloc.o)
                              CMakeFiles/freertos.dir/home/hakan/Desktop/pi/pico-sdk/src/rp2_common/pico_malloc/pico_malloc.c.obj (realloc)
/usr/lib/gcc/arm-none-eabi/14.1.0/../../../../arm-none-eabi/lib/thumb/v6-m/nofp/libc.a(libc_a-reallocr.o)
                              /usr/lib/gcc/arm-none-eabi/14.1.0/../../../../arm-none-eabi/lib/thumb/v6-m/nofp/libc.a(libc_a-realloc.o) (_realloc_r)
/usr/lib/gcc/arm-none-eabi/14.1.0/../../../../arm-none-eabi/lib/thumb/v6-m/nofp/libc.a(libc_a-memmove.o)
                              /usr/lib/gcc/arm-none-eabi/14.1.0/../../../../arm-none-eabi/lib/thumb/v6-m/nofp/libc.a(libc_a-reallocr.o) (memmove)
/usr/lib/gcc/arm-none-eabi/14.1.0/../../../../arm-none-eabi/lib/thumb/v6-m/nofp/libc.a(libc_a-impure.o)
                              /usr/lib/gcc/arm-none-eabi/14.1.0/../../../../arm-none-eabi/lib/thumb/v6-m/nofp/libc.a(libc_a-calloc.o) (_impure_ptr)
/usr/lib/gcc/arm-none-eabi/14.1.0/../../../../arm-none-eabi/lib/thumb/v6-m/nofp/libc.a(libc_a-sbrkr.o)
                              /usr/lib/gcc/arm-none-eabi/14.1.0/../../../../arm-none-eabi/lib/thumb/v6-m/nofp/libc.a(libc_a-mallocr.o) (_sbrk_r)
/usr/lib/gcc/arm-none-eabi/14.1.0/../../../../arm-none-eabi/lib/thumb/v6-m/nofp/libc.a(libc_a-errno.o)
                              /usr/lib/gcc/arm-none-eabi/14.1.0/../../../../arm-none-eabi/lib/thumb/v6-m/nofp/libc.a(libc_a-callocr.o) (__errno)
/usr/lib/gcc/arm-none-eabi/14.1.0/../../../../arm-none-eabi/lib/thumb/v6-m/nofp/libc.a(libc_a-init.o)
                              /usr/lib/gcc/arm-none-eabi/14.1.0/../../../../arm-none-eabi/lib/thumb/v6-m/nofp/crt0.o (__libc_init_array)
/usr/lib/gcc/arm-none-eabi/14.1.0/../../../../arm-none-eabi/lib/thumb/v6-m/nofp/libc.a(libc_a-fini.o)
                              /usr/lib/gcc/arm-none-eabi/14.1.0/../../../../arm-none-eabi/lib/thumb/v6-m/nofp/crt0.o (__libc_fini_array)
/usr/lib/gcc/arm-none-eabi/14.1.0/../../../../arm-none-eabi/lib/thumb/v6-m/nofp/libc.a(libc_a-lock.o)
                              /usr/lib/gcc/arm-none-eabi/14.1.0/../../../../arm-none-eabi/lib/thumb/v6-m/nofp/libc.a(libc_a-mlock.o) (__retarget_lock_acquire_recursive)
/usr/lib/gcc/arm-none-eabi/14.1.0/../../../../arm-none-eabi/lib/thumb/v6-m/nofp/libc.a(libc_a-sysconf.o)
                              /usr/lib/gcc/arm-none-eabi/14.1.0/../../../../arm-none-eabi/lib/thumb/v6-m/nofp/libc.a(libc_a-mallocr.o) (sysconf)
/usr/lib/gcc/arm-none-eabi/14.1.0/../../../../arm-none-eabi/lib/thumb/v6-m/nofp/libc.a(libc_a-strlen-stub.o)
                              CMakeFiles/freertos.dir/home/hakan/Desktop/pi/pico-sdk/src/rp2_common/pico_stdio/stdio.c.obj (strlen)
/usr/lib/gcc/arm-none-eabi/14.1.0/../../../../arm-none-eabi/lib/thumb/v6-m/nofp/libc.a(libc_a-__atexit.o)
                              /usr/lib/gcc/arm-none-eabi/14.1.0/../../../../arm-none-eabi/lib/thumb/v6-m/nofp/libc.a(libc_a-atexit.o) (__register_exitproc)
/usr/lib/gcc/arm-none-eabi/14.1.0/../../../../arm-none-eabi/lib/thumb/v6-m/nofp/libc.a(libc_a-__call_atexit.o)
[...]
Memory Configuration

Name             Origin             Length             Attributes
FLASH            0x10000000         0x00200000         xr
RAM              0x20000000         0x00040000         xrw
SCRATCH_X        0x20040000         0x00001000         xrw
SCRATCH_Y        0x20041000         0x00001000         xrw
*default*        0x00000000         0xffffffff

Linker script and memory map

LOAD /usr/lib/gcc/arm-none-eabi/14.1.0/thumb/v6-m/nofp/crti.o
LOAD /usr/lib/gcc/arm-none-eabi/14.1.0/thumb/v6-m/nofp/crtbegin.o
LOAD /usr/lib/gcc/arm-none-eabi/14.1.0/../../../../arm-none-eabi/lib/thumb/v6-m/nofp/crt0.o

.flash_begin    0x10000000        0x0
                0x10000000                        __flash_binary_start = .

.boot2          0x10000000      0x100
                0x10000000                        __boot2_start__ = .
 *(.boot2)
 .boot2         0x10000000      0x100 /tmp/ccdh5uUP.o
                0x10000100                        __boot2_end__ = .
                0x00000001                        ASSERT (((__boot2_end__ - __boot2_start__) == 0x100), ERROR: Pico second stage bootloader must be 256 bytes in size)

.text           0x10000100     0x9980
                0x10000100                        __logical_binary_start = .
 *(.vectors)
 .vectors       0x10000100       0xd4 CMakeFiles/freertos.dir/home/hakan/Desktop/pi/pico-sdk/src/rp2_common/pico_standard_link/crt0.S.obj
                0x10000100                __vectors
                0x10000100                __VECTOR_TABLE
                0x100001c0                isr_invalid
                0x100001c0                __default_isrs_start
                0x100001c2                isr_nmi
                0x100001c4                isr_hardfault
                0x100001c6                isr_svcall
                0x100001c8                isr_pendsv
                0x100001ca                isr_systick
                0x100001cc                isr_irq30
                0x100001cc                __unhandled_user_irq
                0x100001cc                isr_irq13
                0x100001cc                isr_irq27
                0x100001cc                isr_irq31
                0x100001cc                isr_irq5
                0x100001cc                isr_irq11
                0x100001cc                isr_irq23
                0x100001cc                isr_irq18
                0x100001cc                isr_irq28
                0x100001cc                isr_irq19
                0x100001cc                isr_irq0
                0x100001cc                isr_irq6
                0x100001cc                isr_irq22
                0x100001cc                isr_irq17
                0x100001cc                isr_irq14
                0x100001cc                isr_irq2
                0x100001cc                isr_irq10
                0x100001cc                isr_irq8
                0x100001cc                isr_irq24
                0x100001cc                isr_irq1
                0x100001cc                isr_irq7
                0x100001cc                isr_irq21
                0x100001cc                isr_irq20
                0x100001cc                isr_irq15
                0x100001cc                isr_irq25
                0x100001cc                isr_irq4
                0x100001cc                isr_irq16
                0x100001cc                isr_irq29
                0x100001cc                isr_irq26
                0x100001cc                __default_isrs_end
                0x100001cc                isr_irq3
                0x100001cc                isr_irq12
                0x100001cc                isr_irq9
                0x100001d2                unhandled_user_irq_num_in_r0
 *(.binary_info_header)
 .binary_info_header
                0x100001d4       0x14 CMakeFiles/freertos.dir/home/hakan/Desktop/pi/pico-sdk/src/rp2_common/pico_standard_link/crt0.S.obj
                0x100001e8                        __binary_info_header_end = .
 *(.reset)
 .reset         0x100001e8       0xa0 CMakeFiles/freertos.dir/home/hakan/Desktop/pi/pico-sdk/src/rp2_common/pico_standard_link/crt0.S.obj
                0x100001e8                _entry_point
 .reset         0x10000288       0x30 CMakeFiles/freertos.dir/home/hakan/Desktop/pi/pico-sdk/src/rp2_common/pico_standard_link/binary_info.c.obj
 *(.init)
 .init          0x100002b8        0x4 /usr/lib/gcc/arm-none-eabi/14.1.0/thumb/v6-m/nofp/crti.o
                0x100002b8                _init
 *(EXCLUDE_FILE(*libm.a: *libc.a:*lib_a-mem*.o *libgcc.a:) .text*)
 .text          0x100002bc       0x98 /usr/lib/gcc/arm-none-eabi/14.1.0/thumb/v6-m/nofp/crtbegin.o
 .text.led_task
                0x10000354       0x18 CMakeFiles/freertos.dir/src/main.c.obj
                0x10000354                led_task
 .text.startup.main
                0x1000036c       0x30 CMakeFiles/freertos.dir/src/main.c.obj
                0x1000036c                main
 .text.gpio_set_function
                0x1000039c       0x30 CMakeFiles/freertos.dir/home/hakan/Desktop/pi/pico-sdk/src/rp2_common/hardware_gpio/gpio.c.obj
                0x1000039c                gpio_set_function
 .text.running_on_fpga
                0x100003cc       0x10 CMakeFiles/freertos.dir/home/hakan/Desktop/pi/pico-sdk/src/rp2_common/pico_platform/platform.c.obj
                0x100003cc                running_on_fpga
 .text.hw_claim_or_assert
                0x100003dc       0x44 CMakeFiles/freertos.dir/home/hakan/Desktop/pi/pico-sdk/src/rp2_common/hardware_claim/claim.c.obj
                0x100003dc                hw_claim_or_assert
 .text.hw_claim_unused_from_range
                0x10000420       0x88 CMakeFiles/freertos.dir/home/hakan/Desktop/pi/pico-sdk/src/rp2_common/hardware_claim/claim.c.obj
                0x10000420                hw_claim_unused_from_range
 .text.spin_locks_reset
                0x100004a8       0x1c CMakeFiles/freertos.dir/home/hakan/Desktop/pi/pico-sdk/src/rp2_common/hardware_sync/sync.c.obj
                0x100004a8                spin_locks_reset
 .text.next_striped_spin_lock_num
                0x100004c4       0x18 CMakeFiles/freertos.dir/home/hakan/Desktop/pi/pico-sdk/src/rp2_common/hardware_sync/sync.c.obj
                0x100004c4                next_striped_spin_lock_num
 .text.spin_lock_claim
                0x100004dc       0x18 CMakeFiles/freertos.dir/home/hakan/Desktop/pi/pico-sdk/src/rp2_common/hardware_sync/sync.c.obj
                0x100004dc                spin_lock_claim
 .text.spin_lock_claim_unused
                0x100004f4       0x24 CMakeFiles/freertos.dir/home/hakan/Desktop/pi/pico-sdk/src/rp2_common/hardware_sync/sync.c.obj
                0x100004f4                spin_lock_claim_unused
 .text.irq_set_enabled
                0x10000518       0x24 CMakeFiles/freertos.dir/home/hakan/Desktop/pi/pico-sdk/src/rp2_common/hardware_irq/irq.c.obj
                0x10000518                irq_set_enabled
 .text.irq_is_enabled
                0x1000053c       0x18 CMakeFiles/freertos.dir/home/hakan/Desktop/pi/pico-sdk/src/rp2_common/hardware_irq/irq.c.obj
                0x1000053c                irq_is_enabled
 .text.irq_set_pending
                0x10000554       0x10 CMakeFiles/freertos.dir/home/hakan/Desktop/pi/pico-sdk/src/rp2_common/hardware_irq/irq.c.obj
                0x10000554                irq_set_pending
 .text.irq_has_shared_handler
                0x10000564       0x2c CMakeFiles/freertos.dir/home/hakan/Desktop/pi/pico-sdk/src/rp2_common/hardware_irq/irq.c.obj
                0x10000564                irq_has_shared_handler
 .text.irq_get_vtable_handler
                0x10000590       0x10 CMakeFiles/freertos.dir/home/hakan/Desktop/pi/pico-sdk/src/rp2_common/hardware_irq/irq.c.obj
                0x10000590                irq_get_vtable_handler
 .text.irq_set_exclusive_handler
                0x100005a0       0x54 CMakeFiles/freertos.dir/home/hakan/Desktop/pi/pico-sdk/src/rp2_common/hardware_irq/irq.c.obj
                0x100005a0                irq_set_exclusive_handler
 .text.irq_add_shared_handler
                0x100005f4      0x1f4 CMakeFiles/freertos.dir/home/hakan/Desktop/pi/pico-sdk/src/rp2_common/hardware_irq/irq.c.obj
                0x100005f4                irq_add_shared_handler
 .text.irq_remove_handler
                0x100007e8      0x1bc CMakeFiles/freertos.dir/home/hakan/Desktop/pi/pico-sdk/src/rp2_common/hardware_irq/irq.c.obj
                0x100007e8                irq_remove_handler
 .text.irq_set_priority
                0x100009a4       0x28 CMakeFiles/freertos.dir/home/hakan/Desktop/pi/pico-sdk/src/rp2_common/hardware_irq/irq.c.obj
                0x100009a4                irq_set_priority
 .text.irq_add_tail_to_free_list
                0x100009cc       0xb4 CMakeFiles/freertos.dir/home/hakan/Desktop/pi/pico-sdk/src/rp2_common/hardware_irq/irq.c.obj
                0x100009cc                irq_add_tail_to_free_list
 .text.irq_init_priorities
                0x10000a80       0x24 CMakeFiles/freertos.dir/home/hakan/Desktop/pi/pico-sdk/src/rp2_common/hardware_irq/irq.c.obj
                0x10000a80                irq_init_priorities
 .text.user_irq_claim_unused
                0x10000aa4       0x2c CMakeFiles/freertos.dir/home/hakan/Desktop/pi/pico-sdk/src/rp2_common/hardware_irq/irq.c.obj
                0x10000aa4                user_irq_claim_unused
 .text.lock_init
                0x10000ad0       0x10 CMakeFiles/freertos.dir/home/hakan/Desktop/pi/pico-sdk/src/common/pico_sync/lock_core.c.obj
                0x10000ad0                lock_init
 .text.mutex_init
                0x10000ae0       0x1c CMakeFiles/freertos.dir/home/hakan/Desktop/pi/pico-sdk/src/common/pico_sync/mutex.c.obj
                0x10000ae0                mutex_init
 .text.recursive_mutex_init
                0x10000afc       0x20 CMakeFiles/freertos.dir/home/hakan/Desktop/pi/pico-sdk/src/common/pico_sync/mutex.c.obj
                0x10000afc                recursive_mutex_init
 .text.critical_section_init
                0x10000b1c       0x1c CMakeFiles/freertos.dir/home/hakan/Desktop/pi/pico-sdk/src/common/pico_sync/critical_section.c.obj
                0x10000b1c                critical_section_init
 .text.critical_section_init_with_lock_num
                0x10000b38       0x14 CMakeFiles/freertos.dir/home/hakan/Desktop/pi/pico-sdk/src/common/pico_sync/critical_section.c.obj
                0x10000b38                critical_section_init_with_lock_num
 .text.timer_pool_entry_comparator
                0x10000b4c       0x34 CMakeFiles/freertos.dir/home/hakan/Desktop/pi/pico-sdk/src/common/pico_time/time.c.obj
                0x10000b4c                timer_pool_entry_comparator
 .text.sleep_until_callback
                0x10000b80       0x24 CMakeFiles/freertos.dir/home/hakan/Desktop/pi/pico-sdk/src/common/pico_time/time.c.obj
 .text.add_alarm_under_lock.isra.0
                0x10000ba4      0x100 CMakeFiles/freertos.dir/home/hakan/Desktop/pi/pico-sdk/src/common/pico_time/time.c.obj
 .text.alarm_pool_alarm_callback
                0x10000ca4      0x1a8 CMakeFiles/freertos.dir/home/hakan/Desktop/pi/pico-sdk/src/common/pico_time/time.c.obj
 .text.alarm_pool_init_default
                0x10000e4c       0x6c CMakeFiles/freertos.dir/home/hakan/Desktop/pi/pico-sdk/src/common/pico_time/time.c.obj
                0x10000e4c                alarm_pool_init_default
 .text.alarm_pool_get_default
                0x10000eb8        0x8 CMakeFiles/freertos.dir/home/hakan/Desktop/pi/pico-sdk/src/common/pico_time/time.c.obj
                0x10000eb8                alarm_pool_get_default
 .text.alarm_pool_add_alarm_at
                0x10000ec0      0x174 CMakeFiles/freertos.dir/home/hakan/Desktop/pi/pico-sdk/src/common/pico_time/time.c.obj
                0x10000ec0                alarm_pool_add_alarm_at
 .text.alarm_pool_core_num
                0x10001034        0x4 CMakeFiles/freertos.dir/home/hakan/Desktop/pi/pico-sdk/src/common/pico_time/time.c.obj
                0x10001034                alarm_pool_core_num
 .text.best_effort_wfe_or_timeout
                0x10001038       0xe0 CMakeFiles/freertos.dir/home/hakan/Desktop/pi/pico-sdk/src/common/pico_time/time.c.obj
                0x10001038                best_effort_wfe_or_timeout
 .text.hardware_alarm_irq_handler
                0x10001118       0xbc CMakeFiles/freertos.dir/home/hakan/Desktop/pi/pico-sdk/src/rp2_common/hardware_timer/timer.c.obj
 .text.hardware_alarm_claim
                0x100011d4       0x18 CMakeFiles/freertos.dir/home/hakan/Desktop/pi/pico-sdk/src/rp2_common/hardware_timer/timer.c.obj
                0x100011d4                hardware_alarm_claim
 .text.time_us_64
                0x100011ec       0x14 CMakeFiles/freertos.dir/home/hakan/Desktop/pi/pico-sdk/src/rp2_common/hardware_timer/timer.c.obj
                0x100011ec                time_us_64
 .text.busy_wait_us
                0x10001200       0x68 CMakeFiles/freertos.dir/home/hakan/Desktop/pi/pico-sdk/src/rp2_common/hardware_timer/timer.c.obj
                0x10001200                busy_wait_us
 .text.hardware_alarm_set_callback
                0x10001268       0x8c CMakeFiles/freertos.dir/home/hakan/Desktop/pi/pico-sdk/src/rp2_common/hardware_timer/timer.c.obj
                0x10001268                hardware_alarm_set_callback
 .text.hardware_alarm_set_target
                0x100012f4       0xd0 CMakeFiles/freertos.dir/home/hakan/Desktop/pi/pico-sdk/src/rp2_common/hardware_timer/timer.c.obj
                0x100012f4                hardware_alarm_set_target
 .text.hardware_alarm_cancel
                0x100013c4       0x3c CMakeFiles/freertos.dir/home/hakan/Desktop/pi/pico-sdk/src/rp2_common/hardware_timer/timer.c.obj
                0x100013c4                hardware_alarm_cancel
 .text.ph_merge_nodes
                0x10001400       0x50 CMakeFiles/freertos.dir/home/hakan/Desktop/pi/pico-sdk/src/common/pico_util/pheap.c.obj
 .text.ph_post_alloc_init
                0x10001450       0x3c CMakeFiles/freertos.dir/home/hakan/Desktop/pi/pico-sdk/src/common/pico_util/pheap.c.obj
                0x10001450                ph_post_alloc_init
 .text.ph_merge_two_pass
                0x1000148c       0x88 CMakeFiles/freertos.dir/home/hakan/Desktop/pi/pico-sdk/src/common/pico_util/pheap.c.obj
                0x1000148c                ph_merge_two_pass
 .text.ph_remove_any_head
                0x10001514      0x124 CMakeFiles/freertos.dir/home/hakan/Desktop/pi/pico-sdk/src/common/pico_util/pheap.c.obj
 .text.ph_remove_head
                0x10001638      0x128 CMakeFiles/freertos.dir/home/hakan/Desktop/pi/pico-sdk/src/common/pico_util/pheap.c.obj
                0x10001638                ph_remove_head
 .text.ph_remove_and_free_node
                0x10001760       0x78 CMakeFiles/freertos.dir/home/hakan/Desktop/pi/pico-sdk/src/common/pico_util/pheap.c.obj
                0x10001760                ph_remove_and_free_node
 .text.uart_init
                0x100017d8      0x190 CMakeFiles/freertos.dir/home/hakan/Desktop/pi/pico-sdk/src/rp2_common/hardware_uart/uart.c.obj
                0x100017d8                uart_init
 .text.clocks_init
                0x10001968      0x2c8 CMakeFiles/freertos.dir/home/hakan/Desktop/pi/pico-sdk/src/rp2_common/hardware_clocks/clocks.c.obj
                0x10001968                clocks_init
 .text.clock_get_hz
                0x10001c30        0xc CMakeFiles/freertos.dir/home/hakan/Desktop/pi/pico-sdk/src/rp2_common/hardware_clocks/clocks.c.obj
                0x10001c30                clock_get_hz
 .text.pll_init
                0x10001c3c       0xa4 CMakeFiles/freertos.dir/home/hakan/Desktop/pi/pico-sdk/src/rp2_common/hardware_pll/pll.c.obj
                0x10001c3c                pll_init
 .text.watchdog_start_tick
                0x10001ce0       0x10 CMakeFiles/freertos.dir/home/hakan/Desktop/pi/pico-sdk/src/rp2_common/hardware_watchdog/watchdog.c.obj
                0x10001ce0                watchdog_start_tick
 .text.watchdog_reboot
                0x10001cf0       0x9c CMakeFiles/freertos.dir/home/hakan/Desktop/pi/pico-sdk/src/rp2_common/hardware_watchdog/watchdog.c.obj
                0x10001cf0                watchdog_reboot
 .text.xosc_init
                0x10001d8c       0x28 CMakeFiles/freertos.dir/home/hakan/Desktop/pi/pico-sdk/src/rp2_common/hardware_xosc/xosc.c.obj
                0x10001d8c                xosc_init
 .text.runtime_init
                0x10001db4       0xf0 CMakeFiles/freertos.dir/home/hakan/Desktop/pi/pico-sdk/src/rp2_common/pico_runtime/runtime.c.obj
                0x10001db4                runtime_init
 .text._exit    0x10001ea4        0x4 CMakeFiles/freertos.dir/home/hakan/Desktop/pi/pico-sdk/src/rp2_common/pico_runtime/runtime.c.obj
                0x10001ea4                _exit
 .text.exit     0x10001ea8        0x8 CMakeFiles/freertos.dir/home/hakan/Desktop/pi/pico-sdk/src/rp2_common/pico_runtime/runtime.c.obj
                0x10001ea8                exit
 .text.panic    0x10001eb0       0x30 CMakeFiles/freertos.dir/home/hakan/Desktop/pi/pico-sdk/src/rp2_common/pico_runtime/runtime.c.obj
                0x10001eb0                panic
 .text.panic_unsupported
                0x10001ee0        0xc CMakeFiles/freertos.dir/home/hakan/Desktop/pi/pico-sdk/src/rp2_common/pico_runtime/runtime.c.obj
                0x10001ee0                panic_unsupported
 .text.hard_assertion_failure
                0x10001eec        0xc CMakeFiles/freertos.dir/home/hakan/Desktop/pi/pico-sdk/src/rp2_common/pico_runtime/runtime.c.obj
                0x10001eec                hard_assertion_failure
 .text._out_null
                0x10001ef8        0x4 CMakeFiles/freertos.dir/home/hakan/Desktop/pi/pico-sdk/src/rp2_common/pico_printf/printf.c.obj
 .text._out_rev
                0x10001efc       0xac CMakeFiles/freertos.dir/home/hakan/Desktop/pi/pico-sdk/src/rp2_common/pico_printf/printf.c.obj
 .text._ntoa_format
                0x10001fa8      0x1cc CMakeFiles/freertos.dir/home/hakan/Desktop/pi/pico-sdk/src/rp2_common/pico_printf/printf.c.obj
 .text._out_char
                0x10002174       0x10 CMakeFiles/freertos.dir/home/hakan/Desktop/pi/pico-sdk/src/rp2_common/pico_printf/printf.c.obj
 .text._out_fct
                0x10002184       0x10 CMakeFiles/freertos.dir/home/hakan/Desktop/pi/pico-sdk/src/rp2_common/pico_printf/printf.c.obj
 .text._ftoa    0x10002194      0x4a8 CMakeFiles/freertos.dir/home/hakan/Desktop/pi/pico-sdk/src/rp2_common/pico_printf/printf.c.obj
 .text._etoa    0x1000263c      0x57c CMakeFiles/freertos.dir/home/hakan/Desktop/pi/pico-sdk/src/rp2_common/pico_printf/printf.c.obj
 .text._vsnprintf
                0x10002bb8      0xbe0 CMakeFiles/freertos.dir/home/hakan/Desktop/pi/pico-sdk/src/rp2_common/pico_printf/printf.c.obj
 .text.vfctprintf
                0x10003798       0x24 CMakeFiles/freertos.dir/home/hakan/Desktop/pi/pico-sdk/src/rp2_common/pico_printf/printf.c.obj
                0x10003798                vfctprintf
 .text.weak_raw_vprintf
                0x100037bc       0x30 CMakeFiles/freertos.dir/home/hakan/Desktop/pi/pico-sdk/src/rp2_common/pico_printf/printf.c.obj
                0x100037bc                weak_raw_vprintf
 .text          0x100037ec       0x10 CMakeFiles/freertos.dir/home/hakan/Desktop/pi/pico-sdk/src/rp2_common/pico_bit_ops/bit_ops_aeabi.S.obj
 .text.rom_func_lookup
                0x100037fc       0x10 CMakeFiles/freertos.dir/home/hakan/Desktop/pi/pico-sdk/src/rp2_common/pico_bootrom/bootrom.c.obj
                0x100037fc                rom_func_lookup
 .text.rom_data_lookup
                0x1000380c       0x10 CMakeFiles/freertos.dir/home/hakan/Desktop/pi/pico-sdk/src/rp2_common/pico_bootrom/bootrom.c.obj
                0x1000380c                rom_data_lookup
 .text.rom_funcs_lookup
                0x1000381c       0x44 CMakeFiles/freertos.dir/home/hakan/Desktop/pi/pico-sdk/src/rp2_common/pico_bootrom/bootrom.c.obj
                0x1000381c                rom_funcs_lookup
 .text.__wrap___aeabi_idiv
                0x10003860       0x50 CMakeFiles/freertos.dir/home/hakan/Desktop/pi/pico-sdk/src/rp2_common/pico_divider/divider.S.obj
                0x10003860                __wrap___aeabi_idivmod
                0x10003860                divmod_s32s32
                0x10003860                div_s32s32
                0x10003860                __wrap___aeabi_idiv
                0x10003868                divmod_s32s32_unsafe
                0x10003894                divmod_s32s32_savestate
 .text.__wrap___aeabi_uidiv
                0x100038b0       0x4c CMakeFiles/freertos.dir/home/hakan/Desktop/pi/pico-sdk/src/rp2_common/pico_divider/divider.S.obj
                0x100038b0                __wrap___aeabi_uidiv
                0x100038b0                __wrap___aeabi_uidivmod
                0x100038b0                div_u32u32
                0x100038b0                divmod_u32u32
                0x100038b8                divmod_u32u32_unsafe
                0x100038e0                divmod_u32u32_savestate
 .text.__wrap___aeabi_ldiv
                0x100038fc      0x424 CMakeFiles/freertos.dir/home/hakan/Desktop/pi/pico-sdk/src/rp2_common/pico_divider/divider.S.obj
                0x100038fc                div_s64s64
                0x100038fc                divmod_s64s64
                0x100038fc                __wrap___aeabi_ldivmod
                0x1000392c                div_u64u64
                0x1000392c                divmod_u64u64
                0x1000392c                __wrap___aeabi_uldivmod
                0x1000393c                divmod_u64u64_savestate
                0x1000395c                divmod_s64s64_unsafe
                0x100039e4                divmod_u64u64_unsafe
 .text.__wrap___aeabi_darithmetic
                0x10003d20       0x60 CMakeFiles/freertos.dir/home/hakan/Desktop/pi/pico-sdk/src/rp2_common/pico_double/double_aeabi.S.obj
                0x10003d20                __wrap___aeabi_drsub
                0x10003d26                __wrap___aeabi_dsub
                0x10003d30                __wrap___aeabi_dadd
                0x10003d3a                __wrap___aeabi_ddiv
                0x10003d6e                __wrap___aeabi_dmul
 .text.__wrap___aeabi_cdcmple
                0x10003d80       0x6c CMakeFiles/freertos.dir/home/hakan/Desktop/pi/pico-sdk/src/rp2_common/pico_double/double_aeabi.S.obj
                0x10003d80                __wrap___aeabi_cdrcmple
                0x10003d90                __wrap___aeabi_cdcmple
                0x10003d90                __wrap___aeabi_cdcmpeq
 .text.__wrap___aeabi_dcmplt
                0x10003dec        0xc CMakeFiles/freertos.dir/home/hakan/Desktop/pi/pico-sdk/src/rp2_common/pico_double/double_aeabi.S.obj
                0x10003dec                __wrap___aeabi_dcmplt
 .text.__wrap___aeabi_dcmple
                0x10003df8       0x10 CMakeFiles/freertos.dir/home/hakan/Desktop/pi/pico-sdk/src/rp2_common/pico_double/double_aeabi.S.obj
                0x10003df8                __wrap___aeabi_dcmple
 .text.__wrap___aeabi_dcmpge
                0x10003e08       0x10 CMakeFiles/freertos.dir/home/hakan/Desktop/pi/pico-sdk/src/rp2_common/pico_double/double_aeabi.S.obj
                0x10003e08                __wrap___aeabi_dcmpge
 .text.__wrap___aeabi_dcmpgt
                0x10003e18        0xa CMakeFiles/freertos.dir/home/hakan/Desktop/pi/pico-sdk/src/rp2_common/pico_double/double_aeabi.S.obj
                0x10003e18                __wrap___aeabi_dcmpgt
 .text.__wrap___aeabi_dcmpun
                0x10003e22       0x1c CMakeFiles/freertos.dir/home/hakan/Desktop/pi/pico-sdk/src/rp2_common/pico_double/double_aeabi.S.obj
                0x10003e22                __wrap___aeabi_dcmpun
 *fill*         0x10003e3e        0x2 
 .text.__wrap___aeabi_i2d
                0x10003e40       0x38 CMakeFiles/freertos.dir/home/hakan/Desktop/pi/pico-sdk/src/rp2_common/pico_double/double_aeabi.S.obj
                0x10003e40                __wrap___aeabi_ui2d
                0x10003e48                __wrap___aeabi_i2d
 .text.__wrap___aeabi_d2iz
                0x10003e78       0x48 CMakeFiles/freertos.dir/home/hakan/Desktop/pi/pico-sdk/src/rp2_common/pico_double/double_aeabi.S.obj
                0x10003e78                __wrap___aeabi_d2iz
                0x10003e78                double2int_z
 .text.__wrap___aeabi_d2uiz
                0x10003ec0       0x10 CMakeFiles/freertos.dir/home/hakan/Desktop/pi/pico-sdk/src/rp2_common/pico_double/double_aeabi.S.obj
                0x10003ec0                double2uint
                0x10003ec0                __wrap___aeabi_d2uiz
 .text.missing_double_func_shim
                0x10003ed0        0xc CMakeFiles/freertos.dir/home/hakan/Desktop/pi/pico-sdk/src/rp2_common/pico_double/double_init_rom.c.obj
 .text.__aeabi_double_init
                0x10003edc       0x94 CMakeFiles/freertos.dir/home/hakan/Desktop/pi/pico-sdk/src/rp2_common/pico_double/double_init_rom.c.obj
                0x10003edc                __aeabi_double_init
 .text.double_table_shim_on_use_helper
                0x10003f70       0x2c CMakeFiles/freertos.dir/home/hakan/Desktop/pi/pico-sdk/src/rp2_common/pico_double/double_v1_rom_shim.S.obj
                0x10003f70                double_table_shim_on_use_helper
 .text.__aeabi_lmul
                0x10003f9c       0x32 CMakeFiles/freertos.dir/home/hakan/Desktop/pi/pico-sdk/src/rp2_common/pico_int64_ops/pico_int64_ops_aeabi.S.obj
                0x10003f9c                __wrap___aeabi_lmul
 *fill*         0x10003fce        0x2 
 .text.missing_float_func_shim
                0x10003fd0        0xc CMakeFiles/freertos.dir/home/hakan/Desktop/pi/pico-sdk/src/rp2_common/pico_float/float_init_rom.c.obj
 .text.__aeabi_float_init
                0x10003fdc       0x5c CMakeFiles/freertos.dir/home/hakan/Desktop/pi/pico-sdk/src/rp2_common/pico_float/float_init_rom.c.obj
                0x10003fdc                __aeabi_float_init
 .text          0x10004038       0x10 CMakeFiles/freertos.dir/home/hakan/Desktop/pi/pico-sdk/src/rp2_common/pico_mem_ops/mem_ops_aeabi.S.obj
                0x10004038                __aeabi_mem_init
 .text.memset   0x10004048        0xc CMakeFiles/freertos.dir/home/hakan/Desktop/pi/pico-sdk/src/rp2_common/pico_mem_ops/mem_ops_aeabi.S.obj
                0x10004048                __wrap_memset
 .text.memcpy   0x10004054        0xc CMakeFiles/freertos.dir/home/hakan/Desktop/pi/pico-sdk/src/rp2_common/pico_mem_ops/mem_ops_aeabi.S.obj
                0x10004054                __wrap___aeabi_memcpy
                0x10004054                __wrap_memcpy
 .text.stdio_out_chars_crlf
                0x10004060       0xb0 CMakeFiles/freertos.dir/home/hakan/Desktop/pi/pico-sdk/src/rp2_common/pico_stdio/stdio.c.obj
 .text.stdio_buffered_printer
                0x10004110       0x64 CMakeFiles/freertos.dir/home/hakan/Desktop/pi/pico-sdk/src/rp2_common/pico_stdio/stdio.c.obj
 .text.__wrap_putchar
                0x10004174       0x94 CMakeFiles/freertos.dir/home/hakan/Desktop/pi/pico-sdk/src/rp2_common/pico_stdio/stdio.c.obj
                0x10004174                __wrap_putchar
 .text.__wrap_puts
                0x10004208       0xd4 CMakeFiles/freertos.dir/home/hakan/Desktop/pi/pico-sdk/src/rp2_common/pico_stdio/stdio.c.obj
                0x10004208                __wrap_puts
 .text.stdio_set_driver_enabled
                0x100042dc       0x30 CMakeFiles/freertos.dir/home/hakan/Desktop/pi/pico-sdk/src/rp2_common/pico_stdio/stdio.c.obj
                0x100042dc                stdio_set_driver_enabled
 .text.__wrap_vprintf
                0x1000430c       0xcc CMakeFiles/freertos.dir/home/hakan/Desktop/pi/pico-sdk/src/rp2_common/pico_stdio/stdio.c.obj
                0x1000430c                __wrap_vprintf
 .text.__wrap_printf
                0x100043d8       0x18 CMakeFiles/freertos.dir/home/hakan/Desktop/pi/pico-sdk/src/rp2_common/pico_stdio/stdio.c.obj
                0x100043d8                __wrap_printf
 .text.stdio_init_all
                0x100043f0       0x10 CMakeFiles/freertos.dir/home/hakan/Desktop/pi/pico-sdk/src/rp2_common/pico_stdio/stdio.c.obj
                0x100043f0                stdio_init_all
 .text.stdio_uart_out_chars
                0x10004400       0x4c CMakeFiles/freertos.dir/home/hakan/Desktop/pi/pico-sdk/src/rp2_common/pico_stdio_uart/stdio_uart.c.obj
 .text.stdio_uart_in_chars
                0x1000444c       0x90 CMakeFiles/freertos.dir/home/hakan/Desktop/pi/pico-sdk/src/rp2_common/pico_stdio_uart/stdio_uart.c.obj
                0x1000444c                stdio_uart_in_chars
 .text.on_uart_rx
                0x100044dc       0x28 CMakeFiles/freertos.dir/home/hakan/Desktop/pi/pico-sdk/src/rp2_common/pico_stdio_uart/stdio_uart.c.obj
 .text.stdio_uart_set_chars_available_callback
                0x10004504       0x8c CMakeFiles/freertos.dir/home/hakan/Desktop/pi/pico-sdk/src/rp2_common/pico_stdio_uart/stdio_uart.c.obj
 .text.stdio_uart_init
                0x10004590       0x48 CMakeFiles/freertos.dir/home/hakan/Desktop/pi/pico-sdk/src/rp2_common/pico_stdio_uart/stdio_uart.c.obj
                0x10004590                stdio_uart_init
 .text.resetd_init
                0x100045d8        0x4 CMakeFiles/freertos.dir/home/hakan/Desktop/pi/pico-sdk/src/rp2_common/pico_stdio_usb/reset_interface.c.obj
 .text.resetd_reset
                0x100045dc        0xc CMakeFiles/freertos.dir/home/hakan/Desktop/pi/pico-sdk/src/rp2_common/pico_stdio_usb/reset_interface.c.obj
 .text.resetd_open
                0x100045e8       0x28 CMakeFiles/freertos.dir/home/hakan/Desktop/pi/pico-sdk/src/rp2_common/pico_stdio_usb/reset_interface.c.obj
 .text.resetd_xfer_cb
                0x10004610        0x4 CMakeFiles/freertos.dir/home/hakan/Desktop/pi/pico-sdk/src/rp2_common/pico_stdio_usb/reset_interface.c.obj
 .text.resetd_control_xfer_cb
                0x10004614       0x60 CMakeFiles/freertos.dir/home/hakan/Desktop/pi/pico-sdk/src/rp2_common/pico_stdio_usb/reset_interface.c.obj
 .text.usbd_app_driver_get_cb
                0x10004674        0xc CMakeFiles/freertos.dir/home/hakan/Desktop/pi/pico-sdk/src/rp2_common/pico_stdio_usb/reset_interface.c.obj
                0x10004674                usbd_app_driver_get_cb
 .text.tud_cdc_line_coding_cb
                0x10004680       0x34 CMakeFiles/freertos.dir/home/hakan/Desktop/pi/pico-sdk/src/rp2_common/pico_stdio_usb/reset_interface.c.obj
                0x10004680                tud_cdc_line_coding_cb
 .text.stdio_usb_set_chars_available_callback
                0x100046b4       0x14 CMakeFiles/freertos.dir/home/hakan/Desktop/pi/pico-sdk/src/rp2_common/pico_stdio_usb/stdio_usb.c.obj
                0x100046b4                stdio_usb_set_chars_available_callback
 .text.usb_irq  0x100046c8       0x10 CMakeFiles/freertos.dir/home/hakan/Desktop/pi/pico-sdk/src/rp2_common/pico_stdio_usb/stdio_usb.c.obj
 .text.timer_task
                0x100046d8       0x54 CMakeFiles/freertos.dir/home/hakan/Desktop/pi/pico-sdk/src/rp2_common/pico_stdio_usb/stdio_usb.c.obj
 .text.stdio_usb_in_chars
                0x1000472c       0x8c CMakeFiles/freertos.dir/home/hakan/Desktop/pi/pico-sdk/src/rp2_common/pico_stdio_usb/stdio_usb.c.obj
                0x1000472c                stdio_usb_in_chars
 .text.stdio_usb_out_chars
                0x100047b8      0x100 CMakeFiles/freertos.dir/home/hakan/Desktop/pi/pico-sdk/src/rp2_common/pico_stdio_usb/stdio_usb.c.obj
 .text.low_priority_worker_irq
                0x100048b8       0xa4 CMakeFiles/freertos.dir/home/hakan/Desktop/pi/pico-sdk/src/rp2_common/pico_stdio_usb/stdio_usb.c.obj
 .text.tud_cdc_rx_cb
                0x1000495c       0x20 CMakeFiles/freertos.dir/home/hakan/Desktop/pi/pico-sdk/src/rp2_common/pico_stdio_usb/stdio_usb.c.obj
                0x1000495c                tud_cdc_rx_cb
 .text.stdio_usb_init
                0x1000497c       0xdc CMakeFiles/freertos.dir/home/hakan/Desktop/pi/pico-sdk/src/rp2_common/pico_stdio_usb/stdio_usb.c.obj
                0x1000497c                stdio_usb_init
 .text.tud_descriptor_device_cb
                0x10004a58        0x8 CMakeFiles/freertos.dir/home/hakan/Desktop/pi/pico-sdk/src/rp2_common/pico_stdio_usb/stdio_usb_descriptors.c.obj
                0x10004a58                tud_descriptor_device_cb
 .text.tud_descriptor_configuration_cb
                0x10004a60        0x8 CMakeFiles/freertos.dir/home/hakan/Desktop/pi/pico-sdk/src/rp2_common/pico_stdio_usb/stdio_usb_descriptors.c.obj
                0x10004a60                tud_descriptor_configuration_cb
 .text.tud_descriptor_string_cb
                0x10004a68       0x78 CMakeFiles/freertos.dir/home/hakan/Desktop/pi/pico-sdk/src/rp2_common/pico_stdio_usb/stdio_usb_descriptors.c.obj
                0x10004a68                tud_descriptor_string_cb
 .text.startup._retrieve_unique_id_on_boot
                0x10004ae0       0x10 CMakeFiles/freertos.dir/home/hakan/Desktop/pi/pico-sdk/src/rp2_common/pico_unique_id/unique_id.c.obj
 .text.pico_get_unique_board_id_string
                0x10004af0      0x1a8 CMakeFiles/freertos.dir/home/hakan/Desktop/pi/pico-sdk/src/rp2_common/pico_unique_id/unique_id.c.obj
                0x10004af0                pico_get_unique_board_id_string
 .text.flash_get_unique_id
                0x10004c98       0x3c CMakeFiles/freertos.dir/home/hakan/Desktop/pi/pico-sdk/src/rp2_common/hardware_flash/flash.c.obj
                0x10004c98                flash_get_unique_id
 .text.dcd_int_enable
                0x10004cd4        0xc CMakeFiles/freertos.dir/home/hakan/Desktop/pi/pico-sdk/lib/tinyusb/src/portable/raspberrypi/rp2040/dcd_rp2040.c.obj
                0x10004cd4                dcd_int_enable
 .text.dcd_set_address
                0x10004ce0       0x14 CMakeFiles/freertos.dir/home/hakan/Desktop/pi/pico-sdk/lib/tinyusb/src/portable/raspberrypi/rp2040/dcd_rp2040.c.obj
                0x10004ce0                dcd_set_address
 .text.dcd_connect
                0x10004cf4       0x10 CMakeFiles/freertos.dir/home/hakan/Desktop/pi/pico-sdk/lib/tinyusb/src/portable/raspberrypi/rp2040/dcd_rp2040.c.obj
                0x10004cf4                dcd_connect
 .text.dcd_init
                0x10004d04       0x98 CMakeFiles/freertos.dir/home/hakan/Desktop/pi/pico-sdk/lib/tinyusb/src/portable/raspberrypi/rp2040/dcd_rp2040.c.obj
                0x10004d04                dcd_init
 .text.dcd_edpt0_status_complete
                0x10004d9c       0x1c CMakeFiles/freertos.dir/home/hakan/Desktop/pi/pico-sdk/lib/tinyusb/src/portable/raspberrypi/rp2040/dcd_rp2040.c.obj
                0x10004d9c                dcd_edpt0_status_complete
 .text.dcd_edpt_open
                0x10004db8      0x108 CMakeFiles/freertos.dir/home/hakan/Desktop/pi/pico-sdk/lib/tinyusb/src/portable/raspberrypi/rp2040/dcd_rp2040.c.obj
                0x10004db8                dcd_edpt_open
 .text.dcd_edpt_close_all
                0x10004ec0        0x8 CMakeFiles/freertos.dir/home/hakan/Desktop/pi/pico-sdk/lib/tinyusb/src/portable/raspberrypi/rp2040/dcd_rp2040.c.obj
                0x10004ec0                dcd_edpt_close_all
 .text.dcd_edpt_xfer
                0x10004ec8       0x24 CMakeFiles/freertos.dir/home/hakan/Desktop/pi/pico-sdk/lib/tinyusb/src/portable/raspberrypi/rp2040/dcd_rp2040.c.obj
                0x10004ec8                dcd_edpt_xfer
 .text.dcd_edpt_stall
                0x10004eec       0x3c CMakeFiles/freertos.dir/home/hakan/Desktop/pi/pico-sdk/lib/tinyusb/src/portable/raspberrypi/rp2040/dcd_rp2040.c.obj
                0x10004eec                dcd_edpt_stall
 .text.dcd_edpt_clear_stall
                0x10004f28       0x30 CMakeFiles/freertos.dir/home/hakan/Desktop/pi/pico-sdk/lib/tinyusb/src/portable/raspberrypi/rp2040/dcd_rp2040.c.obj
                0x10004f28                dcd_edpt_clear_stall
 .text.rp2040_usb_init
                0x10004f58       0x4c CMakeFiles/freertos.dir/home/hakan/Desktop/pi/pico-sdk/lib/tinyusb/src/portable/raspberrypi/rp2040/rp2040_usb.c.obj
                0x10004f58                rp2040_usb_init
 .text.hw_endpoint_xfer_start
                0x10004fa4       0x40 CMakeFiles/freertos.dir/home/hakan/Desktop/pi/pico-sdk/lib/tinyusb/src/portable/raspberrypi/rp2040/rp2040_usb.c.obj
                0x10004fa4                hw_endpoint_xfer_start
 .text.tud_mounted
                0x10004fe4       0x10 CMakeFiles/freertos.dir/home/hakan/Desktop/pi/pico-sdk/lib/tinyusb/src/device/usbd.c.obj
                0x10004fe4                tud_mounted
 .text.tud_suspended
                0x10004ff4       0x10 CMakeFiles/freertos.dir/home/hakan/Desktop/pi/pico-sdk/lib/tinyusb/src/device/usbd.c.obj
                0x10004ff4                tud_suspended
 .text.tud_inited
                0x10005004       0x14 CMakeFiles/freertos.dir/home/hakan/Desktop/pi/pico-sdk/lib/tinyusb/src/device/usbd.c.obj
                0x10005004                tud_inited
 .text.tud_init
                0x10005018       0xd4 CMakeFiles/freertos.dir/home/hakan/Desktop/pi/pico-sdk/lib/tinyusb/src/device/usbd.c.obj
                0x10005018                tud_init
 .text.tud_task_ext
                0x100050ec      0x850 CMakeFiles/freertos.dir/home/hakan/Desktop/pi/pico-sdk/lib/tinyusb/src/device/usbd.c.obj
                0x100050ec                tud_task_ext
 .text.usbd_open_edpt_pair
                0x1000593c       0x9c CMakeFiles/freertos.dir/home/hakan/Desktop/pi/pico-sdk/lib/tinyusb/src/device/usbd.c.obj
                0x1000593c                usbd_open_edpt_pair
 .text.usbd_defer_func
                0x100059d8       0x48 CMakeFiles/freertos.dir/home/hakan/Desktop/pi/pico-sdk/lib/tinyusb/src/device/usbd.c.obj
                0x100059d8                usbd_defer_func
 .text.usbd_edpt_open
                0x10005a20       0x34 CMakeFiles/freertos.dir/home/hakan/Desktop/pi/pico-sdk/lib/tinyusb/src/device/usbd.c.obj
                0x10005a20                usbd_edpt_open
 .text.usbd_edpt_claim
                0x10005a54       0x28 CMakeFiles/freertos.dir/home/hakan/Desktop/pi/pico-sdk/lib/tinyusb/src/device/usbd.c.obj
                0x10005a54                usbd_edpt_claim
 .text.usbd_edpt_release
                0x10005a7c       0x28 CMakeFiles/freertos.dir/home/hakan/Desktop/pi/pico-sdk/lib/tinyusb/src/device/usbd.c.obj
                0x10005a7c                usbd_edpt_release
 .text.usbd_edpt_xfer
                0x10005aa4       0x4c CMakeFiles/freertos.dir/home/hakan/Desktop/pi/pico-sdk/lib/tinyusb/src/device/usbd.c.obj
                0x10005aa4                usbd_edpt_xfer
 .text.tud_control_status
                0x10005af0       0x2c CMakeFiles/freertos.dir/home/hakan/Desktop/pi/pico-sdk/lib/tinyusb/src/device/usbd_control.c.obj
                0x10005af0                tud_control_status
 .text.tud_control_xfer
                0x10005b1c       0xa8 CMakeFiles/freertos.dir/home/hakan/Desktop/pi/pico-sdk/lib/tinyusb/src/device/usbd_control.c.obj
                0x10005b1c                tud_control_xfer
 .text.usbd_control_reset
                0x10005bc4       0x14 CMakeFiles/freertos.dir/home/hakan/Desktop/pi/pico-sdk/lib/tinyusb/src/device/usbd_control.c.obj
                0x10005bc4                usbd_control_reset
 .text.usbd_control_set_complete_callback
                0x10005bd8        0xc CMakeFiles/freertos.dir/home/hakan/Desktop/pi/pico-sdk/lib/tinyusb/src/device/usbd_control.c.obj
                0x10005bd8                usbd_control_set_complete_callback
 .text.usbd_control_set_request
                0x10005be4       0x1c CMakeFiles/freertos.dir/home/hakan/Desktop/pi/pico-sdk/lib/tinyusb/src/device/usbd_control.c.obj
                0x10005be4                usbd_control_set_request
 .text.usbd_control_xfer_cb
                0x10005c00       0xf4 CMakeFiles/freertos.dir/home/hakan/Desktop/pi/pico-sdk/lib/tinyusb/src/device/usbd_control.c.obj
                0x10005c00                usbd_control_xfer_cb
 .text.tud_cdc_n_connected
                0x10005cf4       0x30 CMakeFiles/freertos.dir/home/hakan/Desktop/pi/pico-sdk/lib/tinyusb/src/class/cdc/cdc_device.c.obj
                0x10005cf4                tud_cdc_n_connected
 .text.tud_cdc_n_available
                0x10005d24       0x18 CMakeFiles/freertos.dir/home/hakan/Desktop/pi/pico-sdk/lib/tinyusb/src/class/cdc/cdc_device.c.obj
                0x10005d24                tud_cdc_n_available
 .text.tud_cdc_n_read
                0x10005d3c       0x6c CMakeFiles/freertos.dir/home/hakan/Desktop/pi/pico-sdk/lib/tinyusb/src/class/cdc/cdc_device.c.obj
                0x10005d3c                tud_cdc_n_read
 .text.tud_cdc_n_write_flush
                0x10005da8       0x78 CMakeFiles/freertos.dir/home/hakan/Desktop/pi/pico-sdk/lib/tinyusb/src/class/cdc/cdc_device.c.obj
                0x10005da8                tud_cdc_n_write_flush
 .text.tud_cdc_n_write
                0x10005e20       0x34 CMakeFiles/freertos.dir/home/hakan/Desktop/pi/pico-sdk/lib/tinyusb/src/class/cdc/cdc_device.c.obj
                0x10005e20                tud_cdc_n_write
 .text.tud_cdc_n_write_available
                0x10005e54       0x18 CMakeFiles/freertos.dir/home/hakan/Desktop/pi/pico-sdk/lib/tinyusb/src/class/cdc/cdc_device.c.obj
                0x10005e54                tud_cdc_n_write_available
 .text.cdcd_init
                0x10005e6c       0x7c CMakeFiles/freertos.dir/home/hakan/Desktop/pi/pico-sdk/lib/tinyusb/src/class/cdc/cdc_device.c.obj
                0x10005e6c                cdcd_init
 .text.cdcd_reset
                0x10005ee8       0x2c CMakeFiles/freertos.dir/home/hakan/Desktop/pi/pico-sdk/lib/tinyusb/src/class/cdc/cdc_device.c.obj
                0x10005ee8                cdcd_reset
 .text.cdcd_open
                0x10005f14       0xe4 CMakeFiles/freertos.dir/home/hakan/Desktop/pi/pico-sdk/lib/tinyusb/src/class/cdc/cdc_device.c.obj
                0x10005f14                cdcd_open
 .text.cdcd_control_xfer_cb
                0x10005ff8       0xe4 CMakeFiles/freertos.dir/home/hakan/Desktop/pi/pico-sdk/lib/tinyusb/src/class/cdc/cdc_device.c.obj
                0x10005ff8                cdcd_control_xfer_cb
 .text.cdcd_xfer_cb
                0x100060dc      0x13c CMakeFiles/freertos.dir/home/hakan/Desktop/pi/pico-sdk/lib/tinyusb/src/class/cdc/cdc_device.c.obj
                0x100060dc                cdcd_xfer_cb
 .text.tusb_init
                0x10006218        0xc CMakeFiles/freertos.dir/home/hakan/Desktop/pi/pico-sdk/lib/tinyusb/src/tusb.c.obj
                0x10006218                tusb_init
 .text.tusb_inited
                0x10006224        0x8 CMakeFiles/freertos.dir/home/hakan/Desktop/pi/pico-sdk/lib/tinyusb/src/tusb.c.obj
                0x10006224                tusb_inited
 .text.tu_edpt_claim
                0x1000622c       0x50 CMakeFiles/freertos.dir/home/hakan/Desktop/pi/pico-sdk/lib/tinyusb/src/tusb.c.obj
                0x1000622c                tu_edpt_claim
 .text.tu_edpt_release
                0x1000627c       0x38 CMakeFiles/freertos.dir/home/hakan/Desktop/pi/pico-sdk/lib/tinyusb/src/tusb.c.obj
                0x1000627c                tu_edpt_release
 .text.tu_edpt_validate
                0x100062b4       0x7c CMakeFiles/freertos.dir/home/hakan/Desktop/pi/pico-sdk/lib/tinyusb/src/tusb.c.obj
                0x100062b4                tu_edpt_validate
 .text.tu_edpt_bind_driver
                0x10006330       0x34 CMakeFiles/freertos.dir/home/hakan/Desktop/pi/pico-sdk/lib/tinyusb/src/tusb.c.obj
                0x10006330                tu_edpt_bind_driver
 .text.tu_fifo_config
                0x10006364       0x6c CMakeFiles/freertos.dir/home/hakan/Desktop/pi/pico-sdk/lib/tinyusb/src/common/tusb_fifo.c.obj
                0x10006364                tu_fifo_config
 .text.tu_fifo_count
                0x100063d0       0x2c CMakeFiles/freertos.dir/home/hakan/Desktop/pi/pico-sdk/lib/tinyusb/src/common/tusb_fifo.c.obj
                0x100063d0                tu_fifo_count
 .text.tu_fifo_empty
                0x100063fc       0x10 CMakeFiles/freertos.dir/home/hakan/Desktop/pi/pico-sdk/lib/tinyusb/src/common/tusb_fifo.c.obj
                0x100063fc                tu_fifo_empty
 .text.tu_fifo_remaining
                0x1000640c       0x2c CMakeFiles/freertos.dir/home/hakan/Desktop/pi/pico-sdk/lib/tinyusb/src/common/tusb_fifo.c.obj
                0x1000640c                tu_fifo_remaining
 .text.tu_fifo_read
                0x10006438       0x9c CMakeFiles/freertos.dir/home/hakan/Desktop/pi/pico-sdk/lib/tinyusb/src/common/tusb_fifo.c.obj
                0x10006438                tu_fifo_read
 .text.tu_fifo_read_n
                0x100064d4       0xe8 CMakeFiles/freertos.dir/home/hakan/Desktop/pi/pico-sdk/lib/tinyusb/src/common/tusb_fifo.c.obj
                0x100064d4                tu_fifo_read_n
 .text.tu_fifo_write
                0x100065bc       0xa4 CMakeFiles/freertos.dir/home/hakan/Desktop/pi/pico-sdk/lib/tinyusb/src/common/tusb_fifo.c.obj
                0x100065bc                tu_fifo_write
 .text.tu_fifo_write_n
                0x10006660      0x178 CMakeFiles/freertos.dir/home/hakan/Desktop/pi/pico-sdk/lib/tinyusb/src/common/tusb_fifo.c.obj
                0x10006660                tu_fifo_write_n
 .text.tu_fifo_clear
                0x100067d8       0x40 CMakeFiles/freertos.dir/home/hakan/Desktop/pi/pico-sdk/lib/tinyusb/src/common/tusb_fifo.c.obj
                0x100067d8                tu_fifo_clear
 .text.tu_fifo_set_overwritable
                0x10006818       0x48 CMakeFiles/freertos.dir/home/hakan/Desktop/pi/pico-sdk/lib/tinyusb/src/common/tusb_fifo.c.obj
                0x10006818                tu_fifo_set_overwritable
 .text.pvPortMalloc
                0x10006860      0x124 CMakeFiles/freertos.dir/home/hakan/Desktop/pi/FreeRTOS-Kernel/portable/MemMang/heap_4.c.obj
                0x10006860                pvPortMalloc
 .text.vPortFree
                0x10006984       0x98 CMakeFiles/freertos.dir/home/hakan/Desktop/pi/FreeRTOS-Kernel/portable/MemMang/heap_4.c.obj
                0x10006984                vPortFree
 .text.vPortSVCHandler
                0x10006a1c        0x4 CMakeFiles/freertos.dir/home/hakan/Desktop/pi/FreeRTOS-Kernel/portable/ThirdParty/GCC/RP2040/port.c.obj
                0x10006a1c                vPortSVCHandler
 .text.vPortStartFirstTask
                0x10006a20       0x38 CMakeFiles/freertos.dir/home/hakan/Desktop/pi/FreeRTOS-Kernel/portable/ThirdParty/GCC/RP2040/port.c.obj
 .text.prvFIFOInterruptHandler
                0x10006a58       0x2c CMakeFiles/freertos.dir/home/hakan/Desktop/pi/FreeRTOS-Kernel/portable/ThirdParty/GCC/RP2040/port.c.obj
 *fill*         0x10006a84        0xc 
 .text.xPortPendSVHandler
                0x10006a90       0x78 CMakeFiles/freertos.dir/home/hakan/Desktop/pi/FreeRTOS-Kernel/portable/ThirdParty/GCC/RP2040/port.c.obj
                0x10006a90                xPortPendSVHandler
 .text.xPortSysTickHandler
                0x10006b08       0x24 CMakeFiles/freertos.dir/home/hakan/Desktop/pi/FreeRTOS-Kernel/portable/ThirdParty/GCC/RP2040/port.c.obj
                0x10006b08                xPortSysTickHandler
 .text.prvTaskExitError
                0x10006b2c        0x8 CMakeFiles/freertos.dir/home/hakan/Desktop/pi/FreeRTOS-Kernel/portable/ThirdParty/GCC/RP2040/port.c.obj
 .text.pxPortInitialiseStack
                0x10006b34       0x20 CMakeFiles/freertos.dir/home/hakan/Desktop/pi/FreeRTOS-Kernel/portable/ThirdParty/GCC/RP2040/port.c.obj
                0x10006b34                pxPortInitialiseStack
 .text.vPortYield
                0x10006b54       0x18 CMakeFiles/freertos.dir/home/hakan/Desktop/pi/FreeRTOS-Kernel/portable/ThirdParty/GCC/RP2040/port.c.obj
                0x10006b54                vPortYield
 .text.vPortEnableInterrupts
                0x10006b6c       0x30 CMakeFiles/freertos.dir/home/hakan/Desktop/pi/FreeRTOS-Kernel/portable/ThirdParty/GCC/RP2040/port.c.obj
                0x10006b6c                vPortEnableInterrupts
 .text.ulSetInterruptMaskFromISR
                0x10006b9c        0x8 CMakeFiles/freertos.dir/home/hakan/Desktop/pi/FreeRTOS-Kernel/portable/ThirdParty/GCC/RP2040/port.c.obj
                0x10006b9c                ulSetInterruptMaskFromISR
 .text.vClearInterruptMaskFromISR
                0x10006ba4        0x8 CMakeFiles/freertos.dir/home/hakan/Desktop/pi/FreeRTOS-Kernel/portable/ThirdParty/GCC/RP2040/port.c.obj
                0x10006ba4                vClearInterruptMaskFromISR
 .text.vYieldCore
                0x10006bac        0xc CMakeFiles/freertos.dir/home/hakan/Desktop/pi/FreeRTOS-Kernel/portable/ThirdParty/GCC/RP2040/port.c.obj
                0x10006bac                vYieldCore
 .text.vPortSetupTimerInterrupt
                0x10006bb8       0x34 CMakeFiles/freertos.dir/home/hakan/Desktop/pi/FreeRTOS-Kernel/portable/ThirdParty/GCC/RP2040/port.c.obj
                0x10006bb8                vPortSetupTimerInterrupt
 .text.xPortStartSchedulerOnCore.isra.0
                0x10006bec       0xac CMakeFiles/freertos.dir/home/hakan/Desktop/pi/FreeRTOS-Kernel/portable/ThirdParty/GCC/RP2040/port.c.obj
 .text.prvDisableInterruptsAndPortStartSchedulerOnCore
                0x10006c98        0x8 CMakeFiles/freertos.dir/home/hakan/Desktop/pi/FreeRTOS-Kernel/portable/ThirdParty/GCC/RP2040/port.c.obj
 .text.xPortStartScheduler
                0x10006ca0       0x28 CMakeFiles/freertos.dir/home/hakan/Desktop/pi/FreeRTOS-Kernel/portable/ThirdParty/GCC/RP2040/port.c.obj
                0x10006ca0                xPortStartScheduler
 .text.ulPortLockGetCurrentOwnerId
                0x10006cc8       0x30 CMakeFiles/freertos.dir/home/hakan/Desktop/pi/FreeRTOS-Kernel/portable/ThirdParty/GCC/RP2040/port.c.obj
                0x10006cc8                ulPortLockGetCurrentOwnerId
 .text.vPortLockInternalSpinUnlockWithNotify
                0x10006cf8       0x80 CMakeFiles/freertos.dir/home/hakan/Desktop/pi/FreeRTOS-Kernel/portable/ThirdParty/GCC/RP2040/port.c.obj
                0x10006cf8                vPortLockInternalSpinUnlockWithNotify
 .text.xPortLockInternalSpinUnlockWithBestEffortWaitOrTimeout
                0x10006d78       0xe8 CMakeFiles/freertos.dir/home/hakan/Desktop/pi/FreeRTOS-Kernel/portable/ThirdParty/GCC/RP2040/port.c.obj
                0x10006d78                xPortLockInternalSpinUnlockWithBestEffortWaitOrTimeout
 .text.startup.prvRuntimeInitializer
                0x10006e60       0x10 CMakeFiles/freertos.dir/home/hakan/Desktop/pi/FreeRTOS-Kernel/portable/ThirdParty/GCC/RP2040/port.c.obj
 .text.vEventGroupSetBitsCallback
                0x10006e70       0x90 CMakeFiles/freertos.dir/home/hakan/Desktop/pi/FreeRTOS-Kernel/event_groups.c.obj
                0x10006e70                vEventGroupSetBitsCallback
 .text.xEventGroupCreate
                0x10006f00       0x18 CMakeFiles/freertos.dir/home/hakan/Desktop/pi/FreeRTOS-Kernel/event_groups.c.obj
                0x10006f00                xEventGroupCreate
 .text.xEventGroupWaitBits
                0x10006f18       0xb8 CMakeFiles/freertos.dir/home/hakan/Desktop/pi/FreeRTOS-Kernel/event_groups.c.obj
                0x10006f18                xEventGroupWaitBits
 .text.xEventGroupSetBits
                0x10006fd0       0x94 CMakeFiles/freertos.dir/home/hakan/Desktop/pi/FreeRTOS-Kernel/event_groups.c.obj
                0x10006fd0                xEventGroupSetBits
 .text.xEventGroupSetBitsFromISR
                0x10007064       0x18 CMakeFiles/freertos.dir/home/hakan/Desktop/pi/FreeRTOS-Kernel/event_groups.c.obj
                0x10007064                xEventGroupSetBitsFromISR
 .text.vListInitialise
                0x1000707c       0x18 CMakeFiles/freertos.dir/home/hakan/Desktop/pi/FreeRTOS-Kernel/list.c.obj
                0x1000707c                vListInitialise
 .text.vListInitialiseItem
                0x10007094        0x8 CMakeFiles/freertos.dir/home/hakan/Desktop/pi/FreeRTOS-Kernel/list.c.obj
                0x10007094                vListInitialiseItem
 .text.vListInsertEnd
                0x1000709c       0x18 CMakeFiles/freertos.dir/home/hakan/Desktop/pi/FreeRTOS-Kernel/list.c.obj
                0x1000709c                vListInsertEnd
 .text.vListInsert
                0x100070b4       0x30 CMakeFiles/freertos.dir/home/hakan/Desktop/pi/FreeRTOS-Kernel/list.c.obj
                0x100070b4                vListInsert
 .text.uxListRemove
                0x100070e4       0x20 CMakeFiles/freertos.dir/home/hakan/Desktop/pi/FreeRTOS-Kernel/list.c.obj
                0x100070e4                uxListRemove
 .text.prvUnlockQueue
                0x10007104      0x17c CMakeFiles/freertos.dir/home/hakan/Desktop/pi/FreeRTOS-Kernel/queue.c.obj
 .text.prvNotifyQueueSetContainer
                0x10007280       0x90 CMakeFiles/freertos.dir/home/hakan/Desktop/pi/FreeRTOS-Kernel/queue.c.obj
 .text.xQueueGenericCreate
                0x10007310       0xa4 CMakeFiles/freertos.dir/home/hakan/Desktop/pi/FreeRTOS-Kernel/queue.c.obj
                0x10007310                xQueueGenericCreate
 .text.xQueueGenericSendFromISR
                0x100073b4      0x150 CMakeFiles/freertos.dir/home/hakan/Desktop/pi/FreeRTOS-Kernel/queue.c.obj
                0x100073b4                xQueueGenericSendFromISR
 .text.xQueueReceive
                0x10007504      0x11c CMakeFiles/freertos.dir/home/hakan/Desktop/pi/FreeRTOS-Kernel/queue.c.obj
                0x10007504                xQueueReceive
 .text.vQueueAddToRegistry
                0x10007620      0x118 CMakeFiles/freertos.dir/home/hakan/Desktop/pi/FreeRTOS-Kernel/queue.c.obj
                0x10007620                vQueueAddToRegistry
 .text.vQueueWaitForMessageRestricted
                0x10007738       0x48 CMakeFiles/freertos.dir/home/hakan/Desktop/pi/FreeRTOS-Kernel/queue.c.obj
                0x10007738                vQueueWaitForMessageRestricted
 .text.prvPassiveIdleTask
                0x10007780       0x20 CMakeFiles/freertos.dir/home/hakan/Desktop/pi/FreeRTOS-Kernel/tasks.c.obj
 .text.prvYieldForTask
                0x100077a0       0xe0 CMakeFiles/freertos.dir/home/hakan/Desktop/pi/FreeRTOS-Kernel/tasks.c.obj
 .text.prvAddCurrentTaskToDelayedList
                0x10007880      0x144 CMakeFiles/freertos.dir/home/hakan/Desktop/pi/FreeRTOS-Kernel/tasks.c.obj
 .text.prvCreateTask
                0x100079c4      0x158 CMakeFiles/freertos.dir/home/hakan/Desktop/pi/FreeRTOS-Kernel/tasks.c.obj
 .text.prvCheckForRunStateChange
                0x10007b1c      0x14c CMakeFiles/freertos.dir/home/hakan/Desktop/pi/FreeRTOS-Kernel/tasks.c.obj
 .text.vTaskSuspendAll.part.0
                0x10007c68       0xd0 CMakeFiles/freertos.dir/home/hakan/Desktop/pi/FreeRTOS-Kernel/tasks.c.obj
 .text.vTaskExitCritical.part.0
                0x10007d38       0x94 CMakeFiles/freertos.dir/home/hakan/Desktop/pi/FreeRTOS-Kernel/tasks.c.obj
 .text.prvCheckTasksWaitingTermination
                0x10007dcc      0x158 CMakeFiles/freertos.dir/home/hakan/Desktop/pi/FreeRTOS-Kernel/tasks.c.obj
 .text.prvIdleTask
                0x10007f24       0x1c CMakeFiles/freertos.dir/home/hakan/Desktop/pi/FreeRTOS-Kernel/tasks.c.obj
 .text.vTaskSuspendAll
                0x10007f40       0xd0 CMakeFiles/freertos.dir/home/hakan/Desktop/pi/FreeRTOS-Kernel/tasks.c.obj
                0x10007f40                vTaskSuspendAll
 .text.xTaskGetTickCount
                0x10008010        0xc CMakeFiles/freertos.dir/home/hakan/Desktop/pi/FreeRTOS-Kernel/tasks.c.obj
                0x10008010                xTaskGetTickCount
 .text.uxTaskGetNumberOfTasks
                0x1000801c        0xc CMakeFiles/freertos.dir/home/hakan/Desktop/pi/FreeRTOS-Kernel/tasks.c.obj
                0x1000801c                uxTaskGetNumberOfTasks
 .text.xTaskIncrementTick
                0x10008028      0x24c CMakeFiles/freertos.dir/home/hakan/Desktop/pi/FreeRTOS-Kernel/tasks.c.obj
                0x10008028                xTaskIncrementTick
 .text.vTaskSwitchContext
                0x10008274      0x358 CMakeFiles/freertos.dir/home/hakan/Desktop/pi/FreeRTOS-Kernel/tasks.c.obj
                0x10008274                vTaskSwitchContext
 .text.vTaskPlaceOnEventList
                0x100085cc      0x148 CMakeFiles/freertos.dir/home/hakan/Desktop/pi/FreeRTOS-Kernel/tasks.c.obj
                0x100085cc                vTaskPlaceOnEventList
 .text.vTaskPlaceOnUnorderedEventList
                0x10008714       0x9c CMakeFiles/freertos.dir/home/hakan/Desktop/pi/FreeRTOS-Kernel/tasks.c.obj
                0x10008714                vTaskPlaceOnUnorderedEventList
 .text.vTaskPlaceOnEventListRestricted
                0x100087b0       0x8c CMakeFiles/freertos.dir/home/hakan/Desktop/pi/FreeRTOS-Kernel/tasks.c.obj
                0x100087b0                vTaskPlaceOnEventListRestricted
 .text.xTaskRemoveFromEventList
                0x1000883c       0xcc CMakeFiles/freertos.dir/home/hakan/Desktop/pi/FreeRTOS-Kernel/tasks.c.obj
                0x1000883c                xTaskRemoveFromEventList
 .text.vTaskInternalSetTimeOutState
                0x10008908       0x18 CMakeFiles/freertos.dir/home/hakan/Desktop/pi/FreeRTOS-Kernel/tasks.c.obj
                0x10008908                vTaskInternalSetTimeOutState
 .text.xTaskCheckForTimeOut
                0x10008920      0x188 CMakeFiles/freertos.dir/home/hakan/Desktop/pi/FreeRTOS-Kernel/tasks.c.obj
                0x10008920                xTaskCheckForTimeOut
 .text.vTaskMissedYield
                0x10008aa8       0x14 CMakeFiles/freertos.dir/home/hakan/Desktop/pi/FreeRTOS-Kernel/tasks.c.obj
                0x10008aa8                vTaskMissedYield
 .text.xTaskGetCurrentTaskHandle
                0x10008abc       0x1c CMakeFiles/freertos.dir/home/hakan/Desktop/pi/FreeRTOS-Kernel/tasks.c.obj
                0x10008abc                xTaskGetCurrentTaskHandle
 .text.xTaskPriorityDisinherit
                0x10008ad8       0xb8 CMakeFiles/freertos.dir/home/hakan/Desktop/pi/FreeRTOS-Kernel/tasks.c.obj
                0x10008ad8                xTaskPriorityDisinherit
 .text.vTaskYieldWithinAPI
                0x10008b90       0x28 CMakeFiles/freertos.dir/home/hakan/Desktop/pi/FreeRTOS-Kernel/tasks.c.obj
                0x10008b90                vTaskYieldWithinAPI
 .text.vTaskEnterCritical
                0x10008bb8       0xd4 CMakeFiles/freertos.dir/home/hakan/Desktop/pi/FreeRTOS-Kernel/tasks.c.obj
                0x10008bb8                vTaskEnterCritical
 .text.prvAddNewTaskToReadyList
                0x10008c8c       0xf0 CMakeFiles/freertos.dir/home/hakan/Desktop/pi/FreeRTOS-Kernel/tasks.c.obj
 .text.xTaskCreate
                0x10008d7c       0x2c CMakeFiles/freertos.dir/home/hakan/Desktop/pi/FreeRTOS-Kernel/tasks.c.obj
                0x10008d7c                xTaskCreate
 .text.xTaskCreateAffinitySet
                0x10008da8       0x28 CMakeFiles/freertos.dir/home/hakan/Desktop/pi/FreeRTOS-Kernel/tasks.c.obj
                0x10008da8                xTaskCreateAffinitySet
 .text.vTaskStartScheduler
                0x10008dd0       0xbc CMakeFiles/freertos.dir/home/hakan/Desktop/pi/FreeRTOS-Kernel/tasks.c.obj
                0x10008dd0                vTaskStartScheduler
 .text.xTaskResumeAll.part.0
                0x10008e8c      0x170 CMakeFiles/freertos.dir/home/hakan/Desktop/pi/FreeRTOS-Kernel/tasks.c.obj
 .text.xTaskResumeAll
                0x10008ffc       0x18 CMakeFiles/freertos.dir/home/hakan/Desktop/pi/FreeRTOS-Kernel/tasks.c.obj
                0x10008ffc                xTaskResumeAll
 .text.vTaskDelay
                0x10009014       0x64 CMakeFiles/freertos.dir/home/hakan/Desktop/pi/FreeRTOS-Kernel/tasks.c.obj
                0x10009014                vTaskDelay
 .text.vTaskRemoveFromUnorderedEventList
                0x10009078       0x98 CMakeFiles/freertos.dir/home/hakan/Desktop/pi/FreeRTOS-Kernel/tasks.c.obj
                0x10009078                vTaskRemoveFromUnorderedEventList
 .text.vTaskEnterCriticalFromISR
                0x10009110       0x7c CMakeFiles/freertos.dir/home/hakan/Desktop/pi/FreeRTOS-Kernel/tasks.c.obj
                0x10009110                vTaskEnterCriticalFromISR
 .text.vTaskExitCritical
                0x1000918c       0xa0 CMakeFiles/freertos.dir/home/hakan/Desktop/pi/FreeRTOS-Kernel/tasks.c.obj
                0x1000918c                vTaskExitCritical
 .text.vTaskExitCriticalFromISR
                0x1000922c       0x64 CMakeFiles/freertos.dir/home/hakan/Desktop/pi/FreeRTOS-Kernel/tasks.c.obj
                0x1000922c                vTaskExitCriticalFromISR
 .text.uxTaskResetEventItemValue
                0x10009290       0x48 CMakeFiles/freertos.dir/home/hakan/Desktop/pi/FreeRTOS-Kernel/tasks.c.obj
                0x10009290                uxTaskResetEventItemValue
 .text.prvTimerTask
                0x100092d8      0x38c CMakeFiles/freertos.dir/home/hakan/Desktop/pi/FreeRTOS-Kernel/timers.c.obj
 .text.xTimerCreateTimerTask
                0x10009664       0x90 CMakeFiles/freertos.dir/home/hakan/Desktop/pi/FreeRTOS-Kernel/timers.c.obj
                0x10009664                xTimerCreateTimerTask
 .text.xTimerPendFunctionCallFromISR
                0x100096f4       0x2c CMakeFiles/freertos.dir/home/hakan/Desktop/pi/FreeRTOS-Kernel/timers.c.obj
                0x100096f4                xTimerPendFunctionCallFromISR
 .text.exception_set_exclusive_handler
                0x10009720       0x48 CMakeFiles/freertos.dir/home/hakan/Desktop/pi/pico-sdk/src/rp2_common/hardware_exception/exception.c.obj
                0x10009720                exception_set_exclusive_handler
 .text.core1_trampoline
                0x10009768        0x4 CMakeFiles/freertos.dir/home/hakan/Desktop/pi/pico-sdk/src/rp2_common/pico_multicore/multicore.c.obj
 .text.core1_wrapper
                0x1000976c        0xc CMakeFiles/freertos.dir/home/hakan/Desktop/pi/pico-sdk/src/rp2_common/pico_multicore/multicore.c.obj
                0x1000976c                core1_wrapper
 .text.multicore_launch_core1_raw
                0x10009778       0x8c CMakeFiles/freertos.dir/home/hakan/Desktop/pi/pico-sdk/src/rp2_common/pico_multicore/multicore.c.obj
                0x10009778                multicore_launch_core1_raw
 .text.multicore_launch_core1
                0x10009804       0x58 CMakeFiles/freertos.dir/home/hakan/Desktop/pi/pico-sdk/src/rp2_common/pico_multicore/multicore.c.obj
                0x10009804                multicore_launch_core1
 .text.atexit   0x1000985c       0x10 /usr/lib/gcc/arm-none-eabi/14.1.0/../../../../arm-none-eabi/lib/thumb/v6-m/nofp/libc.a(libc_a-atexit.o)
                0x1000985c                atexit
 .text.__libc_fini_array
                0x1000986c       0x28 /usr/lib/gcc/arm-none-eabi/14.1.0/../../../../arm-none-eabi/lib/thumb/v6-m/nofp/libc.a(libc_a-fini.o)
                0x1000986c                __libc_fini_array
 .text.__retarget_lock_acquire_recursive
                0x10009894        0x4 /usr/lib/gcc/arm-none-eabi/14.1.0/../../../../arm-none-eabi/lib/thumb/v6-m/nofp/libc.a(libc_a-lock.o)
                0x10009894                __retarget_lock_acquire_recursive
 .text.__retarget_lock_release_recursive
                0x10009898        0x4 /usr/lib/gcc/arm-none-eabi/14.1.0/../../../../arm-none-eabi/lib/thumb/v6-m/nofp/libc.a(libc_a-lock.o)
                0x10009898                __retarget_lock_release_recursive
 .text.strlen   0x1000989c       0x5c /usr/lib/gcc/arm-none-eabi/14.1.0/../../../../arm-none-eabi/lib/thumb/v6-m/nofp/libc.a(libc_a-strlen-stub.o)
                0x1000989c                strlen
 .text.__register_exitproc
                0x100098f8       0xa8 /usr/lib/gcc/arm-none-eabi/14.1.0/../../../../arm-none-eabi/lib/thumb/v6-m/nofp/libc.a(libc_a-__atexit.o)
                0x100098f8                __register_exitproc
 .text.startup.register_fini
                0x100099a0       0x18 /usr/lib/gcc/arm-none-eabi/14.1.0/../../../../arm-none-eabi/lib/thumb/v6-m/nofp/libc.a(libc_a-__call_atexit.o)
 *(.fini)
 .fini          0x100099b8        0x4 /usr/lib/gcc/arm-none-eabi/14.1.0/thumb/v6-m/nofp/crti.o
                0x100099b8                _fini
 *fill*         0x100099bc        0x4 
 .fini.__stub   0x100099c0       0xc0 linker stubs
 *crtbegin.o(.ctors)
 *crtbegin?.o(.ctors)
 *(EXCLUDE_FILE(*crtend.o *crtend?.o) .ctors)
 *(SORT_BY_NAME(.ctors.*))
 *(.ctors)
 *crtbegin.o(.dtors)
 *crtbegin?.o(.dtors)
 *(EXCLUDE_FILE(*crtend.o *crtend?.o) .dtors)
 *(SORT_BY_NAME(.dtors.*))
 *(.dtors)
 *(.eh_frame*)
 .eh_frame      0x10009a80        0x0 /usr/lib/gcc/arm-none-eabi/14.1.0/thumb/v6-m/nofp/crtbegin.o
                0x10009a80                        . = ALIGN (0x4)

.glue_7         0x10009a80        0x0
 .glue_7        0x10009a80        0x0 linker stubs

.glue_7t        0x10009a80        0x0
 .glue_7t       0x10009a80        0x0 linker stubs

.vfp11_veneer   0x10009a80        0x0
 .vfp11_veneer  0x10009a80        0x0 linker stubs

.v4_bx          0x10009a80        0x0
 .v4_bx         0x10009a80        0x0 linker stubs

.iplt           0x10009a80        0x0
 .iplt          0x10009a80        0x0 /usr/lib/gcc/arm-none-eabi/14.1.0/thumb/v6-m/nofp/crtbegin.o

.rodata         0x10009a80      0x5a8
 *(EXCLUDE_FILE(*libm.a: *libc.a:*lib_a-mem*.o *libgcc.a:) .rodata*)
 .rodata.led_task.str1.4
                0x10009a80      0x20c CMakeFiles/freertos.dir/src/main.c.obj
                                  0x6 (size before relaxing)
 .rodata.main.str1.4
                0x10009c8c        0x9 CMakeFiles/freertos.dir/src/main.c.obj
 .rodata.spin_lock_claim.str1.4
                0x10009c8c       0x1f CMakeFiles/freertos.dir/home/hakan/Desktop/pi/pico-sdk/src/rp2_common/hardware_sync/sync.c.obj
 .rodata.spin_lock_claim_unused.str1.4
                0x10009c8c       0x1b CMakeFiles/freertos.dir/home/hakan/Desktop/pi/pico-sdk/src/rp2_common/hardware_sync/sync.c.obj
 .rodata.user_irq_claim_unused.str1.4
                0x10009c8c       0x1b CMakeFiles/freertos.dir/home/hakan/Desktop/pi/pico-sdk/src/rp2_common/hardware_irq/irq.c.obj
 .rodata.hardware_alarm_claim.str1.4
                0x10009c8c       0x22 CMakeFiles/freertos.dir/home/hakan/Desktop/pi/pico-sdk/src/rp2_common/hardware_timer/timer.c.obj
 .rodata.panic.str1.4
                0x10009c8c       0x12 CMakeFiles/freertos.dir/home/hakan/Desktop/pi/pico-sdk/src/rp2_common/pico_runtime/runtime.c.obj
 .rodata.panic_unsupported.str1.4
                0x10009c8c        0xe CMakeFiles/freertos.dir/home/hakan/Desktop/pi/pico-sdk/src/rp2_common/pico_runtime/runtime.c.obj
 .rodata.hard_assertion_failure.str1.4
                0x10009c8c        0xc CMakeFiles/freertos.dir/home/hakan/Desktop/pi/pico-sdk/src/rp2_common/pico_runtime/runtime.c.obj
 .rodata._ftoa.str1.4
                0x10009c8c       0x15 CMakeFiles/freertos.dir/home/hakan/Desktop/pi/pico-sdk/src/rp2_common/pico_printf/printf.c.obj
 .rodata._vsnprintf
                0x10009c8c      0x19c CMakeFiles/freertos.dir/home/hakan/Desktop/pi/pico-sdk/src/rp2_common/pico_printf/printf.c.obj
 .rodata.pow10.0
                0x10009e28       0x50 CMakeFiles/freertos.dir/home/hakan/Desktop/pi/pico-sdk/src/rp2_common/pico_printf/printf.c.obj
 .rodata.missing_double_func_shim.str1.4
                0x10009e78       0x18 CMakeFiles/freertos.dir/home/hakan/Desktop/pi/pico-sdk/src/rp2_common/pico_double/double_init_rom.c.obj
 .rodata.missing_float_func_shim.str1.4
                0x10009e78        0x1 CMakeFiles/freertos.dir/home/hakan/Desktop/pi/pico-sdk/src/rp2_common/pico_float/float_init_rom.c.obj
 .rodata.str1.4
                0x10009e78       0x40 CMakeFiles/freertos.dir/home/hakan/Desktop/pi/pico-sdk/src/rp2_common/pico_standard_link/binary_info.c.obj
 .rodata.__bi_81
                0x10009e78        0xc CMakeFiles/freertos.dir/home/hakan/Desktop/pi/pico-sdk/src/rp2_common/pico_standard_link/binary_info.c.obj
 .rodata.__bi_75
                0x10009e84        0xc CMakeFiles/freertos.dir/home/hakan/Desktop/pi/pico-sdk/src/rp2_common/pico_standard_link/binary_info.c.obj
 .rodata.__bi_44
                0x10009e90        0xc CMakeFiles/freertos.dir/home/hakan/Desktop/pi/pico-sdk/src/rp2_common/pico_standard_link/binary_info.c.obj
 .rodata.crlf_str.0
                0x10009e9c        0x2 CMakeFiles/freertos.dir/home/hakan/Desktop/pi/pico-sdk/src/rp2_common/pico_stdio/stdio.c.obj
 .rodata.str1.4
                0x10009e9e       0x2c CMakeFiles/freertos.dir/home/hakan/Desktop/pi/pico-sdk/src/rp2_common/pico_stdio_uart/stdio_uart.c.obj
 *fill*         0x10009e9e        0x2 
 .rodata.__bi_33.4
                0x10009ea0        0xc CMakeFiles/freertos.dir/home/hakan/Desktop/pi/pico-sdk/src/rp2_common/pico_stdio_uart/stdio_uart.c.obj
 .rodata.__bi_34.5
                0x10009eac        0x8 CMakeFiles/freertos.dir/home/hakan/Desktop/pi/pico-sdk/src/rp2_common/pico_stdio_uart/stdio_uart.c.obj
 .rodata._resetd_driver
                0x10009eb4       0x18 CMakeFiles/freertos.dir/home/hakan/Desktop/pi/pico-sdk/src/rp2_common/pico_stdio_usb/reset_interface.c.obj
 .rodata.str1.4
                0x10009ecc       0x13 CMakeFiles/freertos.dir/home/hakan/Desktop/pi/pico-sdk/src/rp2_common/pico_stdio_usb/stdio_usb.c.obj
 .rodata.__bi_182.0
                0x10009ecc        0xc CMakeFiles/freertos.dir/home/hakan/Desktop/pi/pico-sdk/src/rp2_common/pico_stdio_usb/stdio_usb.c.obj
 .rodata.str1.4
                0x10009ed8       0x2a CMakeFiles/freertos.dir/home/hakan/Desktop/pi/pico-sdk/src/rp2_common/pico_stdio_usb/stdio_usb_descriptors.c.obj
 .rodata.usbd_desc_str
                0x10009ed8       0x18 CMakeFiles/freertos.dir/home/hakan/Desktop/pi/pico-sdk/src/rp2_common/pico_stdio_usb/stdio_usb_descriptors.c.obj
 .rodata.usbd_desc_cfg
                0x10009ef0       0x54 CMakeFiles/freertos.dir/home/hakan/Desktop/pi/pico-sdk/src/rp2_common/pico_stdio_usb/stdio_usb_descriptors.c.obj
 .rodata.usbd_desc_device
                0x10009f44       0x12 CMakeFiles/freertos.dir/home/hakan/Desktop/pi/pico-sdk/src/rp2_common/pico_stdio_usb/stdio_usb_descriptors.c.obj
 .rodata.str1.4
                0x10009f56       0x14 CMakeFiles/freertos.dir/home/hakan/Desktop/pi/pico-sdk/lib/tinyusb/src/portable/raspberrypi/rp2040/dcd_rp2040.c.obj
 .rodata.str1.4
                0x10009f56       0x53 CMakeFiles/freertos.dir/home/hakan/Desktop/pi/pico-sdk/lib/tinyusb/src/portable/raspberrypi/rp2040/rp2040_usb.c.obj
 *fill*         0x10009f56        0x2 
 .rodata.tud_task_ext
                0x10009f58       0x8c CMakeFiles/freertos.dir/home/hakan/Desktop/pi/pico-sdk/lib/tinyusb/src/device/usbd.c.obj
 .rodata._usbd_driver
                0x10009fe4       0x18 CMakeFiles/freertos.dir/home/hakan/Desktop/pi/pico-sdk/lib/tinyusb/src/device/usbd.c.obj
 .rodata.uxTopUsedPriority
                0x10009ffc        0x4 CMakeFiles/freertos.dir/home/hakan/Desktop/pi/FreeRTOS-Kernel/tasks.c.obj
 .rodata.prvTimerTask
                0x1000a000       0x28 CMakeFiles/freertos.dir/home/hakan/Desktop/pi/FreeRTOS-Kernel/timers.c.obj
 .rodata.xTimerCreateTimerTask.str1.4
                0x1000a028       0x10 CMakeFiles/freertos.dir/home/hakan/Desktop/pi/FreeRTOS-Kernel/timers.c.obj
                0x1000a038                        . = ALIGN (0x4)
 *(SORT_BY_ALIGNMENT(SORT_BY_NAME(.flashdata*)))
                0x1000a038                        . = ALIGN (0x4)

.ARM.extab
 *(.ARM.extab* .gnu.linkonce.armextab.*)
                0x1000a028                        __exidx_start = .

.ARM.exidx
 *(.ARM.exidx* .gnu.linkonce.armexidx.*)
                0x1000a028                        __exidx_end = .
                0x1000a038                        . = ALIGN (0x4)
                0x1000a028                        __binary_info_start = .

.binary_info    0x1000a028       0x28
 *(.binary_info.keep.*)
 .binary_info.keep.__bi_ptr81
                0x1000a028        0x4 CMakeFiles/freertos.dir/home/hakan/Desktop/pi/pico-sdk/src/rp2_common/pico_standard_link/binary_info.c.obj
 .binary_info.keep.__bi_ptr75
                0x1000a02c        0x4 CMakeFiles/freertos.dir/home/hakan/Desktop/pi/pico-sdk/src/rp2_common/pico_standard_link/binary_info.c.obj
 .binary_info.keep.__bi_ptr50
                0x1000a030        0x4 CMakeFiles/freertos.dir/home/hakan/Desktop/pi/pico-sdk/src/rp2_common/pico_standard_link/binary_info.c.obj
 .binary_info.keep.__bi_ptr44
                0x1000a034        0x4 CMakeFiles/freertos.dir/home/hakan/Desktop/pi/pico-sdk/src/rp2_common/pico_standard_link/binary_info.c.obj
 .binary_info.keep.__bi_ptr38
                0x1000a038        0x4 CMakeFiles/freertos.dir/home/hakan/Desktop/pi/pico-sdk/src/rp2_common/pico_standard_link/binary_info.c.obj
 .binary_info.keep.__bi_ptr30
                0x1000a03c        0x4 CMakeFiles/freertos.dir/home/hakan/Desktop/pi/pico-sdk/src/rp2_common/pico_standard_link/binary_info.c.obj
 .binary_info.keep.__bi_ptr22
                0x1000a040        0x4 CMakeFiles/freertos.dir/home/hakan/Desktop/pi/pico-sdk/src/rp2_common/pico_standard_link/binary_info.c.obj
 *(.binary_info.*)
 .binary_info.__bi_ptr34
                0x1000a044        0x4 CMakeFiles/freertos.dir/home/hakan/Desktop/pi/pico-sdk/src/rp2_common/pico_stdio_uart/stdio_uart.c.obj
 .binary_info.__bi_ptr33
                0x1000a048        0x4 CMakeFiles/freertos.dir/home/hakan/Desktop/pi/pico-sdk/src/rp2_common/pico_stdio_uart/stdio_uart.c.obj
 .binary_info.__bi_ptr182
                0x1000a04c        0x4 CMakeFiles/freertos.dir/home/hakan/Desktop/pi/pico-sdk/src/rp2_common/pico_stdio_usb/stdio_usb.c.obj
                0x1000a050                        __binary_info_end = .

.rel.dyn        0x1000a050        0x0
 .rel.iplt      0x1000a050        0x0 /usr/lib/gcc/arm-none-eabi/14.1.0/thumb/v6-m/nofp/crtbegin.o
                0x1000a050                        . = ALIGN (0x4)

.ram_vector_table
                0x20000000       0xc0
 *(.ram_vector_table)
 .ram_vector_table
                0x20000000       0xc0 CMakeFiles/freertos.dir/home/hakan/Desktop/pi/pico-sdk/src/rp2_common/pico_runtime/runtime.c.obj
                0x20000000                ram_vector_table

.data           0x200000c0      0xecc load address 0x1000a050
                0x200000c0                        __data_start__ = .
 *(vtable)
 *(.time_critical*)
 .time_critical.mutex_try_enter
                0x200000c0       0x40 CMakeFiles/freertos.dir/home/hakan/Desktop/pi/pico-sdk/src/common/pico_sync/mutex.c.obj
                0x200000c0                mutex_try_enter
 .time_critical.mutex_try_enter_block_until
                0x20000100       0xa0 CMakeFiles/freertos.dir/home/hakan/Desktop/pi/pico-sdk/src/common/pico_sync/mutex.c.obj
                0x20000100                mutex_try_enter_block_until
 .time_critical.mutex_enter_timeout_ms
                0x200001a0       0x74 CMakeFiles/freertos.dir/home/hakan/Desktop/pi/pico-sdk/src/common/pico_sync/mutex.c.obj
                0x200001a0                mutex_enter_timeout_ms
 .time_critical.mutex_exit
                0x20000214       0x20 CMakeFiles/freertos.dir/home/hakan/Desktop/pi/pico-sdk/src/common/pico_sync/mutex.c.obj
                0x20000214                mutex_exit
 .time_critical.flash_init_boot2_copyout
                0x20000234       0x30 CMakeFiles/freertos.dir/home/hakan/Desktop/pi/pico-sdk/src/rp2_common/hardware_flash/flash.c.obj
 .time_critical.flash_enable_xip_via_boot2
                0x20000264        0xc CMakeFiles/freertos.dir/home/hakan/Desktop/pi/pico-sdk/src/rp2_common/hardware_flash/flash.c.obj
 .time_critical.flash_cs_force
                0x20000270       0x38 CMakeFiles/freertos.dir/home/hakan/Desktop/pi/pico-sdk/src/rp2_common/hardware_flash/flash.c.obj
 .time_critical.flash_do_cmd
                0x200002a8      0x130 CMakeFiles/freertos.dir/home/hakan/Desktop/pi/pico-sdk/src/rp2_common/hardware_flash/flash.c.obj
                0x200002a8                flash_do_cmd
 .time_critical.reset_non_control_endpoints
                0x200003d8       0x68 CMakeFiles/freertos.dir/home/hakan/Desktop/pi/pico-sdk/lib/tinyusb/src/portable/raspberrypi/rp2040/dcd_rp2040.c.obj
 .time_critical.hw_handle_buff_status
                0x20000440       0xb8 CMakeFiles/freertos.dir/home/hakan/Desktop/pi/pico-sdk/lib/tinyusb/src/portable/raspberrypi/rp2040/dcd_rp2040.c.obj
 .time_critical.dcd_rp2040_irq
                0x200004f8      0x514 CMakeFiles/freertos.dir/home/hakan/Desktop/pi/pico-sdk/lib/tinyusb/src/portable/raspberrypi/rp2040/dcd_rp2040.c.obj
 .time_critical.e15_is_bulkin_ep
                0x20000a0c       0x28 CMakeFiles/freertos.dir/home/hakan/Desktop/pi/pico-sdk/lib/tinyusb/src/portable/raspberrypi/rp2040/rp2040_usb.c.obj
 .time_critical.e15_is_critical_frame_period
                0x20000a34       0x34 CMakeFiles/freertos.dir/home/hakan/Desktop/pi/pico-sdk/lib/tinyusb/src/portable/raspberrypi/rp2040/rp2040_usb.c.obj
 .time_critical.prepare_ep_buffer
                0x20000a68       0x6c CMakeFiles/freertos.dir/home/hakan/Desktop/pi/pico-sdk/lib/tinyusb/src/portable/raspberrypi/rp2040/rp2040_usb.c.obj
 .time_critical.sync_ep_buffer
                0x20000ad4       0x48 CMakeFiles/freertos.dir/home/hakan/Desktop/pi/pico-sdk/lib/tinyusb/src/portable/raspberrypi/rp2040/rp2040_usb.c.obj
 .time_critical._hw_endpoint_xfer_sync
                0x20000b1c       0x28 CMakeFiles/freertos.dir/home/hakan/Desktop/pi/pico-sdk/lib/tinyusb/src/portable/raspberrypi/rp2040/rp2040_usb.c.obj
 .time_critical.hw_endpoint_reset_transfer
                0x20000b44        0xc CMakeFiles/freertos.dir/home/hakan/Desktop/pi/pico-sdk/lib/tinyusb/src/portable/raspberrypi/rp2040/rp2040_usb.c.obj
                0x20000b44                hw_endpoint_reset_transfer
 .time_critical._hw_endpoint_buffer_control_update32
                0x20000b50       0x58 CMakeFiles/freertos.dir/home/hakan/Desktop/pi/pico-sdk/lib/tinyusb/src/portable/raspberrypi/rp2040/rp2040_usb.c.obj
                0x20000b50                _hw_endpoint_buffer_control_update32
 .time_critical.hw_endpoint_start_next_buffer
                0x20000ba8       0x68 CMakeFiles/freertos.dir/home/hakan/Desktop/pi/pico-sdk/lib/tinyusb/src/portable/raspberrypi/rp2040/rp2040_usb.c.obj
                0x20000ba8                hw_endpoint_start_next_buffer
 .time_critical.hw_endpoint_xfer_continue
                0x20000c10       0x50 CMakeFiles/freertos.dir/home/hakan/Desktop/pi/pico-sdk/lib/tinyusb/src/portable/raspberrypi/rp2040/rp2040_usb.c.obj
                0x20000c10                hw_endpoint_xfer_continue
 .time_critical.tinyusb
                0x20000c60      0x16c CMakeFiles/freertos.dir/home/hakan/Desktop/pi/pico-sdk/lib/tinyusb/src/device/usbd.c.obj
                0x20000c60                dcd_event_handler
 *(.text*)
 .text          0x20000dcc        0x4 /usr/lib/gcc/arm-none-eabi/14.1.0/thumb/v6-m/nofp/libgcc.a(_dvmd_tls.o)
                0x20000dcc                __aeabi_ldiv0
                0x20000dcc                __aeabi_idiv0
 .text.__stub   0x20000dd0       0x90 linker stubs
                0x20000e60                        . = ALIGN (0x4)
 *(.rodata*)
                0x20000e60                        . = ALIGN (0x4)
 *(.data*)
 .data.striped_spin_lock_num
                0x20000e60        0x1 CMakeFiles/freertos.dir/home/hakan/Desktop/pi/pico-sdk/src/rp2_common/hardware_sync/sync.c.obj
 *fill*         0x20000e61        0x3 
 .data          0x20000e64       0x48 CMakeFiles/freertos.dir/home/hakan/Desktop/pi/pico-sdk/src/rp2_common/hardware_irq/irq_handler_chain.S.obj
                0x20000e64                irq_handler_chain_slots
                0x20000e94                irq_handler_chain_first_slot
                0x20000e9e                irq_handler_chain_remove_tail
 .data.default_alarm_pool
                0x20000eac       0x18 CMakeFiles/freertos.dir/home/hakan/Desktop/pi/pico-sdk/src/common/pico_time/time.c.obj
 .data.default_alarm_pool_heap
                0x20000ec4       0x10 CMakeFiles/freertos.dir/home/hakan/Desktop/pi/pico-sdk/src/common/pico_time/time.c.obj
 *fill*         0x20000ed4        0xc 
 .data.aeabi_bits_funcs
                0x20000ee0       0x10 CMakeFiles/freertos.dir/home/hakan/Desktop/pi/pico-sdk/src/rp2_common/pico_bit_ops/bit_ops_aeabi.S.obj
                0x20000ee0                aeabi_bits_funcs
                0x20000ef0                aeabi_bits_funcs_end
 .data.aeabi_mem_funcs
                0x20000ef0       0x10 CMakeFiles/freertos.dir/home/hakan/Desktop/pi/pico-sdk/src/rp2_common/pico_mem_ops/mem_ops_aeabi.S.obj
                0x20000ef0                aeabi_mem_funcs
                0x20000f00                aeabi_mem_funcs_end
 .data.stdio_uart
                0x20000f00       0x18 CMakeFiles/freertos.dir/home/hakan/Desktop/pi/pico-sdk/src/rp2_common/pico_stdio_uart/stdio_uart.c.obj
                0x20000f00                stdio_uart
 .data.stdio_usb
                0x20000f18       0x18 CMakeFiles/freertos.dir/home/hakan/Desktop/pi/pico-sdk/src/rp2_common/pico_stdio_usb/stdio_usb.c.obj
                0x20000f18                stdio_usb
 .data.ep_dir_string
                0x20000f30        0x8 CMakeFiles/freertos.dir/home/hakan/Desktop/pi/pico-sdk/lib/tinyusb/src/portable/raspberrypi/rp2040/rp2040_usb.c.obj
                0x20000f30                ep_dir_string
 .data._usbd_qdef
                0x20000f38       0x1c CMakeFiles/freertos.dir/home/hakan/Desktop/pi/pico-sdk/lib/tinyusb/src/device/usbd.c.obj
                0x20000f38                _usbd_qdef
 .data._usbd_rhport
                0x20000f54        0x1 CMakeFiles/freertos.dir/home/hakan/Desktop/pi/pico-sdk/lib/tinyusb/src/device/usbd.c.obj
 .data.ucPrimaryCoreNum
                0x20000f55        0x1 CMakeFiles/freertos.dir/home/hakan/Desktop/pi/FreeRTOS-Kernel/portable/ThirdParty/GCC/RP2040/port.c.obj
 *fill*         0x20000f56        0x2 
 .data.__atexit_recursive_mutex
                0x20000f58        0x4 /usr/lib/gcc/arm-none-eabi/14.1.0/../../../../arm-none-eabi/lib/thumb/v6-m/nofp/libc.a(libc_a-__call_atexit.o)
                0x20000f58                __atexit_recursive_mutex
                0x20000f5c                        . = ALIGN (0x4)
 *(.after_data.*)
                0x20000f5c                        . = ALIGN (0x4)
                0x20000f5c                        PROVIDE (__mutex_array_start = .)
 *(SORT_BY_NAME(.mutex_array.*))
 *(.mutex_array)
 .mutex_array   0x20000f5c        0x8 CMakeFiles/freertos.dir/home/hakan/Desktop/pi/pico-sdk/src/rp2_common/pico_malloc/pico_malloc.c.obj
 .mutex_array   0x20000f64        0x8 CMakeFiles/freertos.dir/home/hakan/Desktop/pi/pico-sdk/src/rp2_common/pico_stdio/stdio.c.obj
                0x20000f6c                        PROVIDE (__mutex_array_end = .)
                0x20000f6c                        . = ALIGN (0x4)
                0x20000f6c                        PROVIDE (__preinit_array_start = .)
 *(SORT_BY_NAME(.preinit_array.*))
 .preinit_array.00001
                0x20000f6c        0x4 CMakeFiles/freertos.dir/home/hakan/Desktop/pi/pico-sdk/src/rp2_common/pico_mem_ops/mem_ops_aeabi.S.obj
 .preinit_array.00010
                0x20000f70        0x4 CMakeFiles/freertos.dir/home/hakan/Desktop/pi/pico-sdk/src/rp2_common/pico_bit_ops/bit_ops_aeabi.S.obj
 .preinit_array.00020
                0x20000f74        0x4 CMakeFiles/freertos.dir/home/hakan/Desktop/pi/pico-sdk/src/rp2_common/pico_double/double_aeabi.S.obj
 .preinit_array.00020
                0x20000f78        0x4 CMakeFiles/freertos.dir/home/hakan/Desktop/pi/pico-sdk/src/rp2_common/pico_float/float_aeabi.S.obj
 *(.preinit_array)
                0x20000f7c                        PROVIDE (__preinit_array_end = .)
                0x20000f7c                        . = ALIGN (0x4)
                0x20000f7c                        PROVIDE (__init_array_start = .)
 *(SORT_BY_NAME(.init_array.*))
 .init_array.00000
                0x20000f7c        0x4 /usr/lib/gcc/arm-none-eabi/14.1.0/../../../../arm-none-eabi/lib/thumb/v6-m/nofp/libc.a(libc_a-__call_atexit.o)
 *(.init_array)
 .init_array    0x20000f80        0x4 /usr/lib/gcc/arm-none-eabi/14.1.0/thumb/v6-m/nofp/crtbegin.o
 .init_array    0x20000f84        0x4 CMakeFiles/freertos.dir/home/hakan/Desktop/pi/pico-sdk/src/rp2_common/pico_unique_id/unique_id.c.obj
 .init_array    0x20000f88        0x4 CMakeFiles/freertos.dir/home/hakan/Desktop/pi/FreeRTOS-Kernel/portable/ThirdParty/GCC/RP2040/port.c.obj
                0x20000f8c                        PROVIDE (__init_array_end = .)
                0x20000f8c                        . = ALIGN (0x4)
                0x20000f8c                        PROVIDE (__fini_array_start = .)
 *(SORT_BY_NAME(.fini_array.*))
 *(.fini_array)
                0x20000f8c                        PROVIDE (__fini_array_end = .)
 *(.jcr)
                0x20000f8c                        . = ALIGN (0x4)
                0x20000f8c                        __data_end__ = .
                0x1000a050                        __etext = LOADADDR (.data)

.tm_clone_table
                0x20000f8c        0x0 load address 0x1000af1c
 .tm_clone_table
                0x20000f8c        0x0 /usr/lib/gcc/arm-none-eabi/14.1.0/thumb/v6-m/nofp/crtbegin.o
 .tm_clone_table
                0x20000f8c        0x0 /usr/lib/gcc/arm-none-eabi/14.1.0/thumb/v6-m/nofp/crtend.o

.igot.plt       0x20000f8c        0x0 load address 0x1000af1c
 .igot.plt      0x20000f8c        0x0 /usr/lib/gcc/arm-none-eabi/14.1.0/thumb/v6-m/nofp/crtbegin.o

.uninitialized_data
                0x20000f8c        0x0 load address 0x1000af1c
                0x20000f8c                        . = ALIGN (0x4)
 *(.uninitialized_data*)

.scratch_x      0x20040000        0x0 load address 0x1000af1c
                0x20040000                        __scratch_x_start__ = .
 *(.scratch_x.*)
                0x20040000                        . = ALIGN (0x4)
                0x20040000                        __scratch_x_end__ = .
                0x1000af1c                        __scratch_x_source__ = LOADADDR (.scratch_x)

.scratch_y      0x20041000        0x0 load address 0x1000af1c
                0x20041000                        __scratch_y_start__ = .
 *(.scratch_y.*)
                0x20041000                        . = ALIGN (0x4)
                0x20041000                        __scratch_y_end__ = .
                0x1000af1c                        __scratch_y_source__ = LOADADDR (.scratch_y)

.bss            0x20000f90    0x2131c
                0x20000f90                        . = ALIGN (0x4)
                0x20000f90                        __bss_start__ = .
 *(SORT_BY_ALIGNMENT(SORT_BY_NAME(.bss*)))
 .bss.configured_freq
                0x20000f90       0x28 CMakeFiles/freertos.dir/home/hakan/Desktop/pi/pico-sdk/src/rp2_common/hardware_clocks/clocks.c.obj
 .bss.default_alarm_pool_entries
                0x20000fb8      0x100 CMakeFiles/freertos.dir/home/hakan/Desktop/pi/pico-sdk/src/common/pico_time/time.c.obj
 .bss.last_avail_time.1
                0x200010b8        0x8 CMakeFiles/freertos.dir/home/hakan/Desktop/pi/pico-sdk/src/rp2_common/pico_stdio_usb/stdio_usb.c.obj
 .bss.sd_table  0x200010c0      0x100 CMakeFiles/freertos.dir/home/hakan/Desktop/pi/pico-sdk/src/rp2_common/pico_double/double_init_rom.c.obj
                0x200010c0                sd_table
 .bss.xQueueRegistry
                0x200011c0       0x40 CMakeFiles/freertos.dir/home/hakan/Desktop/pi/FreeRTOS-Kernel/queue.c.obj
                0x200011c0                xQueueRegistry
 .bss           0x20001200       0x1c /usr/lib/gcc/arm-none-eabi/14.1.0/thumb/v6-m/nofp/crtbegin.o
 .bss.__atexit  0x2000121c        0x4 /usr/lib/gcc/arm-none-eabi/14.1.0/../../../../arm-none-eabi/lib/thumb/v6-m/nofp/libc.a(libc_a-__call_atexit.o)
                0x2000121c                __atexit
 .bss.__atexit0
                0x20001220      0x190 /usr/lib/gcc/arm-none-eabi/14.1.0/../../../../arm-none-eabi/lib/thumb/v6-m/nofp/libc.a(libc_a-__atexit.o)
                0x20001220                __atexit0
 .bss.__lock___atexit_recursive_mutex
                0x200013b0        0x1 /usr/lib/gcc/arm-none-eabi/14.1.0/../../../../arm-none-eabi/lib/thumb/v6-m/nofp/libc.a(libc_a-lock.o)
                0x200013b0                __lock___atexit_recursive_mutex
 *fill*         0x200013b1        0x3 
 .bss._app_driver
                0x200013b4        0x4 CMakeFiles/freertos.dir/home/hakan/Desktop/pi/pico-sdk/lib/tinyusb/src/device/usbd.c.obj
 .bss._cdcd_itf
                0x200013b8      0x2c8 CMakeFiles/freertos.dir/home/hakan/Desktop/pi/pico-sdk/lib/tinyusb/src/class/cdc/cdc_device.c.obj
 .bss._ctrl_xfer
                0x20001680       0x14 CMakeFiles/freertos.dir/home/hakan/Desktop/pi/pico-sdk/lib/tinyusb/src/device/usbd_control.c.obj
 .bss._ubsd_mutexdef
                0x20001694        0x8 CMakeFiles/freertos.dir/home/hakan/Desktop/pi/pico-sdk/lib/tinyusb/src/device/usbd.c.obj
 .bss._usbd_ctrl_buf
                0x2000169c       0x40 CMakeFiles/freertos.dir/home/hakan/Desktop/pi/pico-sdk/lib/tinyusb/src/device/usbd_control.c.obj
 .bss._usbd_dev
                0x200016dc       0x53 CMakeFiles/freertos.dir/home/hakan/Desktop/pi/pico-sdk/lib/tinyusb/src/device/usbd.c.obj
 *fill*         0x2000172f        0x1 
 .bss._usbd_mutex
                0x20001730        0x4 CMakeFiles/freertos.dir/home/hakan/Desktop/pi/pico-sdk/lib/tinyusb/src/device/usbd.c.obj
 .bss._usbd_q   0x20001734        0x4 CMakeFiles/freertos.dir/home/hakan/Desktop/pi/pico-sdk/lib/tinyusb/src/device/usbd.c.obj
 .bss._usbd_qdef_buf
                0x20001738       0xc0 CMakeFiles/freertos.dir/home/hakan/Desktop/pi/pico-sdk/lib/tinyusb/src/device/usbd.c.obj
                0x20001738                _usbd_qdef_buf
 .bss.alarm_callbacks
                0x200017f8       0x10 CMakeFiles/freertos.dir/home/hakan/Desktop/pi/pico-sdk/src/rp2_common/hardware_timer/timer.c.obj
 .bss.boot2_copyout
                0x20001808      0x100 CMakeFiles/freertos.dir/home/hakan/Desktop/pi/pico-sdk/src/rp2_common/hardware_flash/flash.c.obj
 .bss.chars_available_callback
                0x20001908        0x4 CMakeFiles/freertos.dir/home/hakan/Desktop/pi/pico-sdk/src/rp2_common/pico_stdio_uart/stdio_uart.c.obj
 .bss.chars_available_callback
                0x2000190c        0x4 CMakeFiles/freertos.dir/home/hakan/Desktop/pi/pico-sdk/src/rp2_common/pico_stdio_usb/stdio_usb.c.obj
 .bss.chars_available_param
                0x20001910        0x4 CMakeFiles/freertos.dir/home/hakan/Desktop/pi/pico-sdk/src/rp2_common/pico_stdio_uart/stdio_uart.c.obj
 .bss.chars_available_param
                0x20001914        0x4 CMakeFiles/freertos.dir/home/hakan/Desktop/pi/pico-sdk/src/rp2_common/pico_stdio_usb/stdio_usb.c.obj
 .bss.claimed   0x20001918        0x4 CMakeFiles/freertos.dir/home/hakan/Desktop/pi/pico-sdk/src/rp2_common/hardware_sync/sync.c.obj
 .bss.default_alarm_pool_entry_ids_high
                0x2000191c       0x10 CMakeFiles/freertos.dir/home/hakan/Desktop/pi/pico-sdk/src/common/pico_time/time.c.obj
 .bss.default_alarm_pool_heap_nodes
                0x2000192c       0x30 CMakeFiles/freertos.dir/home/hakan/Desktop/pi/pico-sdk/src/common/pico_time/time.c.obj
 .bss.desc_str.0
                0x2000195c       0x28 CMakeFiles/freertos.dir/home/hakan/Desktop/pi/pico-sdk/src/rp2_common/pico_stdio_usb/stdio_usb_descriptors.c.obj
 .bss.drivers   0x20001984        0x4 CMakeFiles/freertos.dir/home/hakan/Desktop/pi/pico-sdk/src/rp2_common/pico_stdio/stdio.c.obj
 .bss.e15_last_sof
                0x20001988        0x4 CMakeFiles/freertos.dir/home/hakan/Desktop/pi/pico-sdk/lib/tinyusb/src/portable/raspberrypi/rp2040/rp2040_usb.c.obj
                0x20001988                e15_last_sof
 .bss.filter    0x2000198c        0x4 CMakeFiles/freertos.dir/home/hakan/Desktop/pi/pico-sdk/src/rp2_common/pico_stdio/stdio.c.obj
 .bss.hw_endpoints
                0x20001990      0x400 CMakeFiles/freertos.dir/home/hakan/Desktop/pi/pico-sdk/lib/tinyusb/src/portable/raspberrypi/rp2040/dcd_rp2040.c.obj
 .bss.lazy_vsnprintf
                0x20001d90        0x4 CMakeFiles/freertos.dir/home/hakan/Desktop/pi/pico-sdk/src/rp2_common/pico_printf/printf.c.obj
 .bss.load_value
                0x20001d94        0x4 CMakeFiles/freertos.dir/home/hakan/Desktop/pi/pico-sdk/src/rp2_common/hardware_watchdog/watchdog.c.obj
 .bss.next_buffer_ptr
                0x20001d98        0x4 CMakeFiles/freertos.dir/home/hakan/Desktop/pi/pico-sdk/lib/tinyusb/src/portable/raspberrypi/rp2040/dcd_rp2040.c.obj
 .bss.one_shot_timer_crit_sec
                0x20001d9c        0x8 CMakeFiles/freertos.dir/home/hakan/Desktop/pi/pico-sdk/src/rp2_common/pico_stdio_usb/stdio_usb.c.obj
 .bss.pools     0x20001da4       0x10 CMakeFiles/freertos.dir/home/hakan/Desktop/pi/pico-sdk/src/common/pico_time/time.c.obj
 .bss.pxCurrentTCBs
                0x20001db4        0x8 CMakeFiles/freertos.dir/home/hakan/Desktop/pi/FreeRTOS-Kernel/tasks.c.obj
                0x20001db4                pxCurrentTCBs
 .bss.pxCurrentTimerList
                0x20001dbc        0x4 CMakeFiles/freertos.dir/home/hakan/Desktop/pi/FreeRTOS-Kernel/timers.c.obj
 .bss.pxDelayedTaskList
                0x20001dc0        0x4 CMakeFiles/freertos.dir/home/hakan/Desktop/pi/FreeRTOS-Kernel/tasks.c.obj
 .bss.pxEnd     0x20001dc4        0x4 CMakeFiles/freertos.dir/home/hakan/Desktop/pi/FreeRTOS-Kernel/portable/MemMang/heap_4.c.obj
 .bss.pxOverflowDelayedTaskList
                0x20001dc8        0x4 CMakeFiles/freertos.dir/home/hakan/Desktop/pi/FreeRTOS-Kernel/tasks.c.obj
 .bss.pxOverflowTimerList
                0x20001dcc        0x4 CMakeFiles/freertos.dir/home/hakan/Desktop/pi/FreeRTOS-Kernel/timers.c.obj
 .bss.pxReadyTasksLists
                0x20001dd0      0x280 CMakeFiles/freertos.dir/home/hakan/Desktop/pi/FreeRTOS-Kernel/tasks.c.obj
 .bss.pxYieldSpinLock
                0x20002050        0x8 CMakeFiles/freertos.dir/home/hakan/Desktop/pi/FreeRTOS-Kernel/portable/ThirdParty/GCC/RP2040/port.c.obj
 .bss.retrieved_id
                0x20002058        0x8 CMakeFiles/freertos.dir/home/hakan/Desktop/pi/pico-sdk/src/rp2_common/pico_unique_id/unique_id.c.obj
 .bss.sf_clz_func
                0x20002060        0x4 CMakeFiles/freertos.dir/home/hakan/Desktop/pi/pico-sdk/src/rp2_common/pico_double/double_init_rom.c.obj
                0x20002060                sf_clz_func
 .bss.sf_table  0x20002064      0x100 CMakeFiles/freertos.dir/home/hakan/Desktop/pi/pico-sdk/src/rp2_common/pico_float/float_init_rom.c.obj
                0x20002064                sf_table
 .bss.sleep_notifier
                0x20002164        0x4 CMakeFiles/freertos.dir/home/hakan/Desktop/pi/pico-sdk/src/common/pico_time/time.c.obj
 .bss.stdio_usb_mutex
                0x20002168        0x8 CMakeFiles/freertos.dir/home/hakan/Desktop/pi/pico-sdk/src/rp2_common/pico_stdio_usb/stdio_usb.c.obj
 .bss.target_hi
                0x20002170       0x10 CMakeFiles/freertos.dir/home/hakan/Desktop/pi/pico-sdk/src/rp2_common/hardware_timer/timer.c.obj
 .bss.uart_char_to_line_feed